Archive member included to satisfy reference by file (symbol)

d:/cubeide/stm32cubeide_1.10.1/stm32cubeide/plugins/com.st.stm32cube.ide.mcu.externaltools.gnu-tools-for-stm32.10.3-2021.10.win32_1.0.0.202111181127/tools/bin/../lib/gcc/arm-none-eabi/10.3.1/../../../../arm-none-eabi/lib/thumb/v7e-m+fp/hard\libc_nano.a(lib_a-errno.o)
                              ./Core/Src/syscalls.o (__errno)
d:/cubeide/stm32cubeide_1.10.1/stm32cubeide/plugins/com.st.stm32cube.ide.mcu.externaltools.gnu-tools-for-stm32.10.3-2021.10.win32_1.0.0.202111181127/tools/bin/../lib/gcc/arm-none-eabi/10.3.1/../../../../arm-none-eabi/lib/thumb/v7e-m+fp/hard\libc_nano.a(lib_a-exit.o)
                              d:/cubeide/stm32cubeide_1.10.1/stm32cubeide/plugins/com.st.stm32cube.ide.mcu.externaltools.gnu-tools-for-stm32.10.3-2021.10.win32_1.0.0.202111181127/tools/bin/../lib/gcc/arm-none-eabi/10.3.1/../../../../arm-none-eabi/lib/thumb/v7e-m+fp/hard/crt0.o (exit)
d:/cubeide/stm32cubeide_1.10.1/stm32cubeide/plugins/com.st.stm32cube.ide.mcu.externaltools.gnu-tools-for-stm32.10.3-2021.10.win32_1.0.0.202111181127/tools/bin/../lib/gcc/arm-none-eabi/10.3.1/../../../../arm-none-eabi/lib/thumb/v7e-m+fp/hard\libc_nano.a(lib_a-impure.o)
                              d:/cubeide/stm32cubeide_1.10.1/stm32cubeide/plugins/com.st.stm32cube.ide.mcu.externaltools.gnu-tools-for-stm32.10.3-2021.10.win32_1.0.0.202111181127/tools/bin/../lib/gcc/arm-none-eabi/10.3.1/../../../../arm-none-eabi/lib/thumb/v7e-m+fp/hard\libc_nano.a(lib_a-exit.o) (_global_impure_ptr)
d:/cubeide/stm32cubeide_1.10.1/stm32cubeide/plugins/com.st.stm32cube.ide.mcu.externaltools.gnu-tools-for-stm32.10.3-2021.10.win32_1.0.0.202111181127/tools/bin/../lib/gcc/arm-none-eabi/10.3.1/../../../../arm-none-eabi/lib/thumb/v7e-m+fp/hard\libc_nano.a(lib_a-init.o)
                              d:/cubeide/stm32cubeide_1.10.1/stm32cubeide/plugins/com.st.stm32cube.ide.mcu.externaltools.gnu-tools-for-stm32.10.3-2021.10.win32_1.0.0.202111181127/tools/bin/../lib/gcc/arm-none-eabi/10.3.1/../../../../arm-none-eabi/lib/thumb/v7e-m+fp/hard/crt0.o (__libc_init_array)
d:/cubeide/stm32cubeide_1.10.1/stm32cubeide/plugins/com.st.stm32cube.ide.mcu.externaltools.gnu-tools-for-stm32.10.3-2021.10.win32_1.0.0.202111181127/tools/bin/../lib/gcc/arm-none-eabi/10.3.1/../../../../arm-none-eabi/lib/thumb/v7e-m+fp/hard\libc_nano.a(lib_a-memset.o)
                              d:/cubeide/stm32cubeide_1.10.1/stm32cubeide/plugins/com.st.stm32cube.ide.mcu.externaltools.gnu-tools-for-stm32.10.3-2021.10.win32_1.0.0.202111181127/tools/bin/../lib/gcc/arm-none-eabi/10.3.1/../../../../arm-none-eabi/lib/thumb/v7e-m+fp/hard/crt0.o (memset)
d:/cubeide/stm32cubeide_1.10.1/stm32cubeide/plugins/com.st.stm32cube.ide.mcu.externaltools.gnu-tools-for-stm32.10.3-2021.10.win32_1.0.0.202111181127/tools/bin/../lib/gcc/arm-none-eabi/10.3.1/../../../../arm-none-eabi/lib/thumb/v7e-m+fp/hard\libm.a(lib_a-sf_atan.o)
                              ./Core/Src/main.o (atanf)
d:/cubeide/stm32cubeide_1.10.1/stm32cubeide/plugins/com.st.stm32cube.ide.mcu.externaltools.gnu-tools-for-stm32.10.3-2021.10.win32_1.0.0.202111181127/tools/bin/../lib/gcc/arm-none-eabi/10.3.1/../../../../arm-none-eabi/lib/thumb/v7e-m+fp/hard\libm.a(lib_a-sf_fabs.o)
                              d:/cubeide/stm32cubeide_1.10.1/stm32cubeide/plugins/com.st.stm32cube.ide.mcu.externaltools.gnu-tools-for-stm32.10.3-2021.10.win32_1.0.0.202111181127/tools/bin/../lib/gcc/arm-none-eabi/10.3.1/../../../../arm-none-eabi/lib/thumb/v7e-m+fp/hard\libm.a(lib_a-sf_atan.o) (fabsf)
d:/cubeide/stm32cubeide_1.10.1/stm32cubeide/plugins/com.st.stm32cube.ide.mcu.externaltools.gnu-tools-for-stm32.10.3-2021.10.win32_1.0.0.202111181127/tools/bin/../lib/gcc/arm-none-eabi/10.3.1/thumb/v7e-m+fp/hard\libgcc.a(_aeabi_uldivmod.o)
                              ./Drivers/STM32L4xx_HAL_Driver/Src/stm32l4xx_hal_uart.o (__aeabi_uldivmod)
d:/cubeide/stm32cubeide_1.10.1/stm32cubeide/plugins/com.st.stm32cube.ide.mcu.externaltools.gnu-tools-for-stm32.10.3-2021.10.win32_1.0.0.202111181127/tools/bin/../lib/gcc/arm-none-eabi/10.3.1/thumb/v7e-m+fp/hard\libgcc.a(_udivmoddi4.o)
                              d:/cubeide/stm32cubeide_1.10.1/stm32cubeide/plugins/com.st.stm32cube.ide.mcu.externaltools.gnu-tools-for-stm32.10.3-2021.10.win32_1.0.0.202111181127/tools/bin/../lib/gcc/arm-none-eabi/10.3.1/thumb/v7e-m+fp/hard\libgcc.a(_aeabi_uldivmod.o) (__udivmoddi4)
d:/cubeide/stm32cubeide_1.10.1/stm32cubeide/plugins/com.st.stm32cube.ide.mcu.externaltools.gnu-tools-for-stm32.10.3-2021.10.win32_1.0.0.202111181127/tools/bin/../lib/gcc/arm-none-eabi/10.3.1/thumb/v7e-m+fp/hard\libgcc.a(_dvmd_tls.o)
                              d:/cubeide/stm32cubeide_1.10.1/stm32cubeide/plugins/com.st.stm32cube.ide.mcu.externaltools.gnu-tools-for-stm32.10.3-2021.10.win32_1.0.0.202111181127/tools/bin/../lib/gcc/arm-none-eabi/10.3.1/thumb/v7e-m+fp/hard\libgcc.a(_aeabi_uldivmod.o) (__aeabi_ldiv0)

Discarded input sections

[...]
Memory Configuration

Name             Origin             Length             Attributes
RAM              0x0000000020000000 0x00000000000a0000 xrw
RAM2             0x0000000010000000 0x0000000000010000 xrw
RAM3             0x0000000020040000 0x0000000000060000 xrw
FLASH            0x0000000008000000 0x0000000000200000 xr
*default*        0x0000000000000000 0xffffffffffffffff

Linker script and memory map

LOAD d:/cubeide/stm32cubeide_1.10.1/stm32cubeide/plugins/com.st.stm32cube.ide.mcu.externaltools.gnu-tools-for-stm32.10.3-2021.10.win32_1.0.0.202111181127/tools/bin/../lib/gcc/arm-none-eabi/10.3.1/thumb/v7e-m+fp/hard/crti.o
LOAD d:/cubeide/stm32cubeide_1.10.1/stm32cubeide/plugins/com.st.stm32cube.ide.mcu.externaltools.gnu-tools-for-stm32.10.3-2021.10.win32_1.0.0.202111181127/tools/bin/../lib/gcc/arm-none-eabi/10.3.1/thumb/v7e-m+fp/hard/crtbegin.o
LOAD d:/cubeide/stm32cubeide_1.10.1/stm32cubeide/plugins/com.st.stm32cube.ide.mcu.externaltools.gnu-tools-for-stm32.10.3-2021.10.win32_1.0.0.202111181127/tools/bin/../lib/gcc/arm-none-eabi/10.3.1/../../../../arm-none-eabi/lib/thumb/v7e-m+fp/hard/crt0.o
LOAD ./Core/Src/dma.o
LOAD ./Core/Src/gpio.o
LOAD ./Core/Src/main.o
LOAD ./Core/Src/stm32l4xx_hal_msp.o
LOAD ./Core/Src/stm32l4xx_it.o
LOAD ./Core/Src/syscalls.o
LOAD ./Core/Src/sysmem.o
LOAD ./Core/Src/system_stm32l4xx.o
LOAD ./Core/Src/tim.o
LOAD ./Core/Src/usart.o
LOAD ./Core/Startup/startup_stm32l4r5zitx.o
LOAD ./Drivers/STM32L4xx_HAL_Driver/Src/stm32l4xx_hal.o
LOAD ./Drivers/STM32L4xx_HAL_Driver/Src/stm32l4xx_hal_cortex.o
LOAD ./Drivers/STM32L4xx_HAL_Driver/Src/stm32l4xx_hal_dma.o
LOAD ./Drivers/STM32L4xx_HAL_Driver/Src/stm32l4xx_hal_dma_ex.o
LOAD ./Drivers/STM32L4xx_HAL_Driver/Src/stm32l4xx_hal_exti.o
LOAD ./Drivers/STM32L4xx_HAL_Driver/Src/stm32l4xx_hal_flash.o
LOAD ./Drivers/STM32L4xx_HAL_Driver/Src/stm32l4xx_hal_flash_ex.o
LOAD ./Drivers/STM32L4xx_HAL_Driver/Src/stm32l4xx_hal_flash_ramfunc.o
LOAD ./Drivers/STM32L4xx_HAL_Driver/Src/stm32l4xx_hal_gpio.o
LOAD ./Drivers/STM32L4xx_HAL_Driver/Src/stm32l4xx_hal_i2c.o
LOAD ./Drivers/STM32L4xx_HAL_Driver/Src/stm32l4xx_hal_i2c_ex.o
LOAD ./Drivers/STM32L4xx_HAL_Driver/Src/stm32l4xx_hal_pwr.o
LOAD ./Drivers/STM32L4xx_HAL_Driver/Src/stm32l4xx_hal_pwr_ex.o
LOAD ./Drivers/STM32L4xx_HAL_Driver/Src/stm32l4xx_hal_rcc.o
LOAD ./Drivers/STM32L4xx_HAL_Driver/Src/stm32l4xx_hal_rcc_ex.o
LOAD ./Drivers/STM32L4xx_HAL_Driver/Src/stm32l4xx_hal_tim.o
LOAD ./Drivers/STM32L4xx_HAL_Driver/Src/stm32l4xx_hal_tim_ex.o
LOAD ./Drivers/STM32L4xx_HAL_Driver/Src/stm32l4xx_hal_uart.o
LOAD ./Drivers/STM32L4xx_HAL_Driver/Src/stm32l4xx_hal_uart_ex.o
START GROUP
LOAD d:/cubeide/stm32cubeide_1.10.1/stm32cubeide/plugins/com.st.stm32cube.ide.mcu.externaltools.gnu-tools-for-stm32.10.3-2021.10.win32_1.0.0.202111181127/tools/bin/../lib/gcc/arm-none-eabi/10.3.1/../../../../arm-none-eabi/lib/thumb/v7e-m+fp/hard\libc_nano.a
LOAD d:/cubeide/stm32cubeide_1.10.1/stm32cubeide/plugins/com.st.stm32cube.ide.mcu.externaltools.gnu-tools-for-stm32.10.3-2021.10.win32_1.0.0.202111181127/tools/bin/../lib/gcc/arm-none-eabi/10.3.1/../../../../arm-none-eabi/lib/thumb/v7e-m+fp/hard\libm.a
END GROUP
START GROUP
LOAD d:/cubeide/stm32cubeide_1.10.1/stm32cubeide/plugins/com.st.stm32cube.ide.mcu.externaltools.gnu-tools-for-stm32.10.3-2021.10.win32_1.0.0.202111181127/tools/bin/../lib/gcc/arm-none-eabi/10.3.1/thumb/v7e-m+fp/hard\libgcc.a
LOAD d:/cubeide/stm32cubeide_1.10.1/stm32cubeide/plugins/com.st.stm32cube.ide.mcu.externaltools.gnu-tools-for-stm32.10.3-2021.10.win32_1.0.0.202111181127/tools/bin/../lib/gcc/arm-none-eabi/10.3.1/../../../../arm-none-eabi/lib/thumb/v7e-m+fp/hard\libc_nano.a
END GROUP
START GROUP
LOAD d:/cubeide/stm32cubeide_1.10.1/stm32cubeide/plugins/com.st.stm32cube.ide.mcu.externaltools.gnu-tools-for-stm32.10.3-2021.10.win32_1.0.0.202111181127/tools/bin/../lib/gcc/arm-none-eabi/10.3.1/thumb/v7e-m+fp/hard\libgcc.a
LOAD d:/cubeide/stm32cubeide_1.10.1/stm32cubeide/plugins/com.st.stm32cube.ide.mcu.externaltools.gnu-tools-for-stm32.10.3-2021.10.win32_1.0.0.202111181127/tools/bin/../lib/gcc/arm-none-eabi/10.3.1/../../../../arm-none-eabi/lib/thumb/v7e-m+fp/hard\libc_nano.a
LOAD d:/cubeide/stm32cubeide_1.10.1/stm32cubeide/plugins/com.st.stm32cube.ide.mcu.externaltools.gnu-tools-for-stm32.10.3-2021.10.win32_1.0.0.202111181127/tools/bin/../lib/gcc/arm-none-eabi/10.3.1/../../../../arm-none-eabi/lib/thumb/v7e-m+fp/hard\libnosys.a
END GROUP
START GROUP
LOAD d:/cubeide/stm32cubeide_1.10.1/stm32cubeide/plugins/com.st.stm32cube.ide.mcu.externaltools.gnu-tools-for-stm32.10.3-2021.10.win32_1.0.0.202111181127/tools/bin/../lib/gcc/arm-none-eabi/10.3.1/thumb/v7e-m+fp/hard\libgcc.a
LOAD d:/cubeide/stm32cubeide_1.10.1/stm32cubeide/plugins/com.st.stm32cube.ide.mcu.externaltools.gnu-tools-for-stm32.10.3-2021.10.win32_1.0.0.202111181127/tools/bin/../lib/gcc/arm-none-eabi/10.3.1/../../../../arm-none-eabi/lib/thumb/v7e-m+fp/hard\libc_nano.a
LOAD d:/cubeide/stm32cubeide_1.10.1/stm32cubeide/plugins/com.st.stm32cube.ide.mcu.externaltools.gnu-tools-for-stm32.10.3-2021.10.win32_1.0.0.202111181127/tools/bin/../lib/gcc/arm-none-eabi/10.3.1/../../../../arm-none-eabi/lib/thumb/v7e-m+fp/hard\libnosys.a
END GROUP
LOAD d:/cubeide/stm32cubeide_1.10.1/stm32cubeide/plugins/com.st.stm32cube.ide.mcu.externaltools.gnu-tools-for-stm32.10.3-2021.10.win32_1.0.0.202111181127/tools/bin/../lib/gcc/arm-none-eabi/10.3.1/thumb/v7e-m+fp/hard/crtend.o
LOAD d:/cubeide/stm32cubeide_1.10.1/stm32cubeide/plugins/com.st.stm32cube.ide.mcu.externaltools.gnu-tools-for-stm32.10.3-2021.10.win32_1.0.0.202111181127/tools/bin/../lib/gcc/arm-none-eabi/10.3.1/thumb/v7e-m+fp/hard/crtn.o
                0x00000000200a0000                _estack = (ORIGIN (RAM) + LENGTH (RAM))
                0x0000000000000200                _Min_Heap_Size = 0x200
                0x0000000000000400                _Min_Stack_Size = 0x400

.isr_vector     0x0000000008000000      0x1bc
                0x0000000008000000                . = ALIGN (0x4)
 *(.isr_vector)
 .isr_vector    0x0000000008000000      0x1bc ./Core/Startup/startup_stm32l4r5zitx.o
                0x0000000008000000                g_pfnVectors
                0x00000000080001bc                . = ALIGN (0x4)

.text           0x00000000080001bc     0x5770
                0x00000000080001bc                . = ALIGN (0x4)
 *(.text)
 .text          0x00000000080001bc       0x40 d:/cubeide/stm32cubeide_1.10.1/stm32cubeide/plugins/com.st.stm32cube.ide.mcu.externaltools.gnu-tools-for-stm32.10.3-2021.10.win32_1.0.0.202111181127/tools/bin/../lib/gcc/arm-none-eabi/10.3.1/thumb/v7e-m+fp/hard/crtbegin.o
 .text          0x00000000080001fc       0x30 d:/cubeide/stm32cubeide_1.10.1/stm32cubeide/plugins/com.st.stm32cube.ide.mcu.externaltools.gnu-tools-for-stm32.10.3-2021.10.win32_1.0.0.202111181127/tools/bin/../lib/gcc/arm-none-eabi/10.3.1/thumb/v7e-m+fp/hard\libgcc.a(_aeabi_uldivmod.o)
                0x00000000080001fc                __aeabi_uldivmod
 .text          0x000000000800022c      0x2d0 d:/cubeide/stm32cubeide_1.10.1/stm32cubeide/plugins/com.st.stm32cube.ide.mcu.externaltools.gnu-tools-for-stm32.10.3-2021.10.win32_1.0.0.202111181127/tools/bin/../lib/gcc/arm-none-eabi/10.3.1/thumb/v7e-m+fp/hard\libgcc.a(_udivmoddi4.o)
                0x000000000800022c                __udivmoddi4
 .text          0x00000000080004fc        0x4 d:/cubeide/stm32cubeide_1.10.1/stm32cubeide/plugins/com.st.stm32cube.ide.mcu.externaltools.gnu-tools-for-stm32.10.3-2021.10.win32_1.0.0.202111181127/tools/bin/../lib/gcc/arm-none-eabi/10.3.1/thumb/v7e-m+fp/hard\libgcc.a(_dvmd_tls.o)
                0x00000000080004fc                __aeabi_idiv0
                0x00000000080004fc                __aeabi_ldiv0
 *(.text*)
 .text.MX_DMA_Init
                0x0000000008000500       0x54 ./Core/Src/dma.o
                0x0000000008000500                MX_DMA_Init
 .text.MX_GPIO_Init
                0x0000000008000554       0xb0 ./Core/Src/gpio.o
                0x0000000008000554                MX_GPIO_Init
 .text.main     0x0000000008000604       0x4c ./Core/Src/main.o
                0x0000000008000604                main
 .text.SystemClock_Config
                0x0000000008000650       0xa4 ./Core/Src/main.o
                0x0000000008000650                SystemClock_Config
 .text.HAL_TIM_PeriodElapsedCallback
                0x00000000080006f4       0x2c ./Core/Src/main.o
                0x00000000080006f4                HAL_TIM_PeriodElapsedCallback
 .text.get_solve
                0x0000000008000720      0x164 ./Core/Src/main.o
                0x0000000008000720                get_solve
 .text.Error_Handler
                0x0000000008000884        0xa ./Core/Src/main.o
                0x0000000008000884                Error_Handler
 *fill*         0x000000000800088e        0x2 
 .text.HAL_MspInit
                0x0000000008000890       0x54 ./Core/Src/stm32l4xx_hal_msp.o
                0x0000000008000890                HAL_MspInit
 .text.NMI_Handler
                0x00000000080008e4        0x6 ./Core/Src/stm32l4xx_it.o
                0x00000000080008e4                NMI_Handler
 .text.HardFault_Handler
                0x00000000080008ea        0x6 ./Core/Src/stm32l4xx_it.o
                0x00000000080008ea                HardFault_Handler
 .text.MemManage_Handler
                0x00000000080008f0        0x6 ./Core/Src/stm32l4xx_it.o
                0x00000000080008f0                MemManage_Handler
 .text.BusFault_Handler
                0x00000000080008f6        0x6 ./Core/Src/stm32l4xx_it.o
                0x00000000080008f6                BusFault_Handler
 .text.UsageFault_Handler
                0x00000000080008fc        0x6 ./Core/Src/stm32l4xx_it.o
                0x00000000080008fc                UsageFault_Handler
 .text.SVC_Handler
                0x0000000008000902        0xe ./Core/Src/stm32l4xx_it.o
                0x0000000008000902                SVC_Handler
 .text.DebugMon_Handler
                0x0000000008000910        0xe ./Core/Src/stm32l4xx_it.o
                0x0000000008000910                DebugMon_Handler
 .text.PendSV_Handler
                0x000000000800091e        0xe ./Core/Src/stm32l4xx_it.o
                0x000000000800091e                PendSV_Handler
 .text.SysTick_Handler
                0x000000000800092c        0xc ./Core/Src/stm32l4xx_it.o
                0x000000000800092c                SysTick_Handler
 .text.RCC_IRQHandler
                0x0000000008000938        0xe ./Core/Src/stm32l4xx_it.o
                0x0000000008000938                RCC_IRQHandler
 *fill*         0x0000000008000946        0x2 
 .text.DMA1_Channel1_IRQHandler
                0x0000000008000948       0x14 ./Core/Src/stm32l4xx_it.o
                0x0000000008000948                DMA1_Channel1_IRQHandler
 .text.TIM1_BRK_TIM15_IRQHandler
                0x000000000800095c       0x14 ./Core/Src/stm32l4xx_it.o
                0x000000000800095c                TIM1_BRK_TIM15_IRQHandler
 .text.TIM1_UP_TIM16_IRQHandler
                0x0000000008000970       0x14 ./Core/Src/stm32l4xx_it.o
                0x0000000008000970                TIM1_UP_TIM16_IRQHandler
 .text.TIM1_TRG_COM_TIM17_IRQHandler
                0x0000000008000984       0x14 ./Core/Src/stm32l4xx_it.o
                0x0000000008000984                TIM1_TRG_COM_TIM17_IRQHandler
 .text.TIM1_CC_IRQHandler
                0x0000000008000998       0x14 ./Core/Src/stm32l4xx_it.o
                0x0000000008000998                TIM1_CC_IRQHandler
 .text.USART2_IRQHandler
                0x00000000080009ac       0x78 ./Core/Src/stm32l4xx_it.o
                0x00000000080009ac                USART2_IRQHandler
 .text.SystemInit
                0x0000000008000a24       0x24 ./Core/Src/system_stm32l4xx.o
                0x0000000008000a24                SystemInit
 .text.MX_TIM1_Init
                0x0000000008000a48       0xa8 ./Core/Src/tim.o
                0x0000000008000a48                MX_TIM1_Init
 .text.HAL_TIM_Base_MspInit
                0x0000000008000af0       0x7c ./Core/Src/tim.o
                0x0000000008000af0                HAL_TIM_Base_MspInit
 .text.MX_USART2_UART_Init
                0x0000000008000b6c       0x98 ./Core/Src/usart.o
                0x0000000008000b6c                MX_USART2_UART_Init
 .text.HAL_UART_MspInit
                0x0000000008000c04      0x128 ./Core/Src/usart.o
                0x0000000008000c04                HAL_UART_MspInit
 .text.Reset_Handler
                0x0000000008000d2c       0x50 ./Core/Startup/startup_stm32l4r5zitx.o
                0x0000000008000d2c                Reset_Handler
 .text.Default_Handler
                0x0000000008000d7c        0x2 ./Core/Startup/startup_stm32l4r5zitx.o
                0x0000000008000d7c                RTC_Alarm_IRQHandler
                0x0000000008000d7c                EXTI2_IRQHandler
                0x0000000008000d7c                TIM8_TRG_COM_IRQHandler
                0x0000000008000d7c                TIM8_CC_IRQHandler
                0x0000000008000d7c                TSC_IRQHandler
                0x0000000008000d7c                TAMP_STAMP_IRQHandler
                0x0000000008000d7c                EXTI3_IRQHandler
                0x0000000008000d7c                LPTIM2_IRQHandler
                0x0000000008000d7c                DFSDM1_FLT1_IRQHandler
                0x0000000008000d7c                GFXMMU_IRQHandler
                0x0000000008000d7c                I2C3_ER_IRQHandler
                0x0000000008000d7c                DFSDM1_FLT2_IRQHandler
                0x0000000008000d7c                EXTI0_IRQHandler
                0x0000000008000d7c                I2C2_EV_IRQHandler
                0x0000000008000d7c                CAN1_RX0_IRQHandler
                0x0000000008000d7c                FPU_IRQHandler
                0x0000000008000d7c                LTDC_ER_IRQHandler
                0x0000000008000d7c                SPI1_IRQHandler
                0x0000000008000d7c                OCTOSPI1_IRQHandler
                0x0000000008000d7c                TIM6_DAC_IRQHandler
                0x0000000008000d7c                DCMI_IRQHandler
                0x0000000008000d7c                TIM8_UP_IRQHandler
                0x0000000008000d7c                OCTOSPI2_IRQHandler
                0x0000000008000d7c                DMA2_Channel2_IRQHandler
                0x0000000008000d7c                DMA1_Channel4_IRQHandler
                0x0000000008000d7c                SAI2_IRQHandler
                0x0000000008000d7c                ADC1_IRQHandler
                0x0000000008000d7c                DFSDM1_FLT3_IRQHandler
                0x0000000008000d7c                USART3_IRQHandler
                0x0000000008000d7c                DMA1_Channel7_IRQHandler
                0x0000000008000d7c                CAN1_RX1_IRQHandler
                0x0000000008000d7c                UART5_IRQHandler
                0x0000000008000d7c                TIM4_IRQHandler
                0x0000000008000d7c                DMA2_Channel1_IRQHandler
                0x0000000008000d7c                I2C1_EV_IRQHandler
                0x0000000008000d7c                DMAMUX1_OVR_IRQHandler
                0x0000000008000d7c                DMA1_Channel6_IRQHandler
                0x0000000008000d7c                UART4_IRQHandler
                0x0000000008000d7c                DMA2_Channel4_IRQHandler
                0x0000000008000d7c                TIM3_IRQHandler
                0x0000000008000d7c                Default_Handler
                0x0000000008000d7c                DMA2_Channel7_IRQHandler
                0x0000000008000d7c                EXTI15_10_IRQHandler
                0x0000000008000d7c                TIM7_IRQHandler
                0x0000000008000d7c                SDMMC1_IRQHandler
                0x0000000008000d7c                TIM5_IRQHandler
                0x0000000008000d7c                I2C3_EV_IRQHandler
                0x0000000008000d7c                EXTI9_5_IRQHandler
                0x0000000008000d7c                RTC_WKUP_IRQHandler
                0x0000000008000d7c                LTDC_IRQHandler
                0x0000000008000d7c                PVD_PVM_IRQHandler
                0x0000000008000d7c                SPI2_IRQHandler
                0x0000000008000d7c                CAN1_TX_IRQHandler
                0x0000000008000d7c                DMA2_Channel5_IRQHandler
                0x0000000008000d7c                CRS_IRQHandler
                0x0000000008000d7c                DMA1_Channel5_IRQHandler
                0x0000000008000d7c                EXTI4_IRQHandler
                0x0000000008000d7c                RNG_IRQHandler
                0x0000000008000d7c                DMA1_Channel3_IRQHandler
                0x0000000008000d7c                COMP_IRQHandler
                0x0000000008000d7c                WWDG_IRQHandler
                0x0000000008000d7c                I2C4_EV_IRQHandler
                0x0000000008000d7c                LPUART1_IRQHandler
                0x0000000008000d7c                DMA2_Channel6_IRQHandler
                0x0000000008000d7c                TIM2_IRQHandler
                0x0000000008000d7c                DMA2D_IRQHandler
                0x0000000008000d7c                EXTI1_IRQHandler
                0x0000000008000d7c                DFSDM1_FLT0_IRQHandler
                0x0000000008000d7c                I2C2_ER_IRQHandler
                0x0000000008000d7c                DMA1_Channel2_IRQHandler
                0x0000000008000d7c                TIM8_BRK_IRQHandler
                0x0000000008000d7c                CAN1_SCE_IRQHandler
                0x0000000008000d7c                FLASH_IRQHandler
                0x0000000008000d7c                USART1_IRQHandler
                0x0000000008000d7c                OTG_FS_IRQHandler
                0x0000000008000d7c                SPI3_IRQHandler
                0x0000000008000d7c                I2C1_ER_IRQHandler
                0x0000000008000d7c                FMC_IRQHandler
                0x0000000008000d7c                LPTIM1_IRQHandler
                0x0000000008000d7c                I2C4_ER_IRQHandler
                0x0000000008000d7c                SAI1_IRQHandler
                0x0000000008000d7c                DMA2_Channel3_IRQHandler
 .text.HAL_Init
                0x0000000008000d7e       0x30 ./Drivers/STM32L4xx_HAL_Driver/Src/stm32l4xx_hal.o
                0x0000000008000d7e                HAL_Init
 *fill*         0x0000000008000dae        0x2 
 .text.HAL_InitTick
                0x0000000008000db0       0x78 ./Drivers/STM32L4xx_HAL_Driver/Src/stm32l4xx_hal.o
                0x0000000008000db0                HAL_InitTick
 .text.HAL_IncTick
                0x0000000008000e28       0x28 ./Drivers/STM32L4xx_HAL_Driver/Src/stm32l4xx_hal.o
                0x0000000008000e28                HAL_IncTick
 .text.HAL_GetTick
                0x0000000008000e50       0x18 ./Drivers/STM32L4xx_HAL_Driver/Src/stm32l4xx_hal.o
                0x0000000008000e50                HAL_GetTick
 .text.__NVIC_SetPriorityGrouping
                0x0000000008000e68       0x48 ./Drivers/STM32L4xx_HAL_Driver/Src/stm32l4xx_hal_cortex.o
 .text.__NVIC_GetPriorityGrouping
                0x0000000008000eb0       0x1c ./Drivers/STM32L4xx_HAL_Driver/Src/stm32l4xx_hal_cortex.o
 .text.__NVIC_EnableIRQ
                0x0000000008000ecc       0x3c ./Drivers/STM32L4xx_HAL_Driver/Src/stm32l4xx_hal_cortex.o
 .text.__NVIC_SetPriority
                0x0000000008000f08       0x54 ./Drivers/STM32L4xx_HAL_Driver/Src/stm32l4xx_hal_cortex.o
 .text.NVIC_EncodePriority
                0x0000000008000f5c       0x66 ./Drivers/STM32L4xx_HAL_Driver/Src/stm32l4xx_hal_cortex.o
 *fill*         0x0000000008000fc2        0x2 
 .text.SysTick_Config
                0x0000000008000fc4       0x44 ./Drivers/STM32L4xx_HAL_Driver/Src/stm32l4xx_hal_cortex.o
 .text.HAL_NVIC_SetPriorityGrouping
                0x0000000008001008       0x16 ./Drivers/STM32L4xx_HAL_Driver/Src/stm32l4xx_hal_cortex.o
                0x0000000008001008                HAL_NVIC_SetPriorityGrouping
 .text.HAL_NVIC_SetPriority
                0x000000000800101e       0x38 ./Drivers/STM32L4xx_HAL_Driver/Src/stm32l4xx_hal_cortex.o
                0x000000000800101e                HAL_NVIC_SetPriority
 .text.HAL_NVIC_EnableIRQ
                0x0000000008001056       0x1c ./Drivers/STM32L4xx_HAL_Driver/Src/stm32l4xx_hal_cortex.o
                0x0000000008001056                HAL_NVIC_EnableIRQ
 .text.HAL_SYSTICK_Config
                0x0000000008001072       0x18 ./Drivers/STM32L4xx_HAL_Driver/Src/stm32l4xx_hal_cortex.o
                0x0000000008001072                HAL_SYSTICK_Config
 *fill*         0x000000000800108a        0x2 
 .text.HAL_DMA_Init
                0x000000000800108c      0x150 ./Drivers/STM32L4xx_HAL_Driver/Src/stm32l4xx_hal_dma.o
                0x000000000800108c                HAL_DMA_Init
 .text.HAL_DMA_Start_IT
                0x00000000080011dc       0xf6 ./Drivers/STM32L4xx_HAL_Driver/Src/stm32l4xx_hal_dma.o
                0x00000000080011dc                HAL_DMA_Start_IT
 .text.HAL_DMA_Abort
                0x00000000080012d2       0xb8 ./Drivers/STM32L4xx_HAL_Driver/Src/stm32l4xx_hal_dma.o
                0x00000000080012d2                HAL_DMA_Abort
 .text.HAL_DMA_Abort_IT
                0x000000000800138a       0xbe ./Drivers/STM32L4xx_HAL_Driver/Src/stm32l4xx_hal_dma.o
                0x000000000800138a                HAL_DMA_Abort_IT
 .text.HAL_DMA_IRQHandler
                0x0000000008001448      0x15e ./Drivers/STM32L4xx_HAL_Driver/Src/stm32l4xx_hal_dma.o
                0x0000000008001448                HAL_DMA_IRQHandler
 .text.HAL_DMA_GetError
                0x00000000080015a6       0x18 ./Drivers/STM32L4xx_HAL_Driver/Src/stm32l4xx_hal_dma.o
                0x00000000080015a6                HAL_DMA_GetError
 .text.DMA_SetConfig
                0x00000000080015be       0x7c ./Drivers/STM32L4xx_HAL_Driver/Src/stm32l4xx_hal_dma.o
 *fill*         0x000000000800163a        0x2 
 .text.DMA_CalcDMAMUXChannelBaseAndMask
                0x000000000800163c       0x7c ./Drivers/STM32L4xx_HAL_Driver/Src/stm32l4xx_hal_dma.o
 .text.DMA_CalcDMAMUXRequestGenBaseAndMask
                0x00000000080016b8       0x48 ./Drivers/STM32L4xx_HAL_Driver/Src/stm32l4xx_hal_dma.o
 .text.HAL_GPIO_Init
                0x0000000008001700      0x324 ./Drivers/STM32L4xx_HAL_Driver/Src/stm32l4xx_hal_gpio.o
                0x0000000008001700                HAL_GPIO_Init
 .text.HAL_GPIO_WritePin
                0x0000000008001a24       0x30 ./Drivers/STM32L4xx_HAL_Driver/Src/stm32l4xx_hal_gpio.o
                0x0000000008001a24                HAL_GPIO_WritePin
 .text.HAL_GPIO_TogglePin
                0x0000000008001a54       0x34 ./Drivers/STM32L4xx_HAL_Driver/Src/stm32l4xx_hal_gpio.o
                0x0000000008001a54                HAL_GPIO_TogglePin
 .text.HAL_PWREx_GetVoltageRange
                0x0000000008001a88       0x40 ./Drivers/STM32L4xx_HAL_Driver/Src/stm32l4xx_hal_pwr_ex.o
                0x0000000008001a88                HAL_PWREx_GetVoltageRange
 .text.HAL_PWREx_ControlVoltageScaling
                0x0000000008001ac8      0x148 ./Drivers/STM32L4xx_HAL_Driver/Src/stm32l4xx_hal_pwr_ex.o
                0x0000000008001ac8                HAL_PWREx_ControlVoltageScaling
 .text.HAL_RCC_OscConfig
                0x0000000008001c10      0x834 ./Drivers/STM32L4xx_HAL_Driver/Src/stm32l4xx_hal_rcc.o
                0x0000000008001c10                HAL_RCC_OscConfig
 .text.HAL_RCC_ClockConfig
                0x0000000008002444      0x274 ./Drivers/STM32L4xx_HAL_Driver/Src/stm32l4xx_hal_rcc.o
                0x0000000008002444                HAL_RCC_ClockConfig
 .text.HAL_RCC_GetSysClockFreq
                0x00000000080026b8      0x118 ./Drivers/STM32L4xx_HAL_Driver/Src/stm32l4xx_hal_rcc.o
                0x00000000080026b8                HAL_RCC_GetSysClockFreq
 .text.HAL_RCC_GetHCLKFreq
                0x00000000080027d0       0x18 ./Drivers/STM32L4xx_HAL_Driver/Src/stm32l4xx_hal_rcc.o
                0x00000000080027d0                HAL_RCC_GetHCLKFreq
 .text.HAL_RCC_GetPCLK1Freq
                0x00000000080027e8       0x2c ./Drivers/STM32L4xx_HAL_Driver/Src/stm32l4xx_hal_rcc.o
                0x00000000080027e8                HAL_RCC_GetPCLK1Freq
 .text.HAL_RCC_GetPCLK2Freq
                0x0000000008002814       0x2c ./Drivers/STM32L4xx_HAL_Driver/Src/stm32l4xx_hal_rcc.o
                0x0000000008002814                HAL_RCC_GetPCLK2Freq
 .text.RCC_SetFlashLatencyFromMSIRange
                0x0000000008002840       0xb4 ./Drivers/STM32L4xx_HAL_Driver/Src/stm32l4xx_hal_rcc.o
 .text.RCC_GetSysClockFreqFromPLLSource
                0x00000000080028f4       0xcc ./Drivers/STM32L4xx_HAL_Driver/Src/stm32l4xx_hal_rcc.o
 .text.HAL_RCCEx_PeriphCLKConfig
                0x00000000080029c0      0x660 ./Drivers/STM32L4xx_HAL_Driver/Src/stm32l4xx_hal_rcc_ex.o
                0x00000000080029c0                HAL_RCCEx_PeriphCLKConfig
 .text.RCCEx_PLLSAI1_Config
                0x0000000008003020      0x1e8 ./Drivers/STM32L4xx_HAL_Driver/Src/stm32l4xx_hal_rcc_ex.o
 .text.RCCEx_PLLSAI2_Config
                0x0000000008003208      0x1e8 ./Drivers/STM32L4xx_HAL_Driver/Src/stm32l4xx_hal_rcc_ex.o
 .text.HAL_TIM_Base_Init
                0x00000000080033f0       0xae ./Drivers/STM32L4xx_HAL_Driver/Src/stm32l4xx_hal_tim.o
                0x00000000080033f0                HAL_TIM_Base_Init
 *fill*         0x000000000800349e        0x2 
 .text.HAL_TIM_Base_Start_IT
                0x00000000080034a0       0xe0 ./Drivers/STM32L4xx_HAL_Driver/Src/stm32l4xx_hal_tim.o
                0x00000000080034a0                HAL_TIM_Base_Start_IT
 .text.HAL_TIM_IRQHandler
                0x0000000008003580      0x23e ./Drivers/STM32L4xx_HAL_Driver/Src/stm32l4xx_hal_tim.o
                0x0000000008003580                HAL_TIM_IRQHandler
 .text.HAL_TIM_ConfigClockSource
                0x00000000080037be      0x192 ./Drivers/STM32L4xx_HAL_Driver/Src/stm32l4xx_hal_tim.o
                0x00000000080037be                HAL_TIM_ConfigClockSource
 .text.HAL_TIM_OC_DelayElapsedCallback
                0x0000000008003950       0x14 ./Drivers/STM32L4xx_HAL_Driver/Src/stm32l4xx_hal_tim.o
                0x0000000008003950                HAL_TIM_OC_DelayElapsedCallback
 .text.HAL_TIM_IC_CaptureCallback
                0x0000000008003964       0x14 ./Drivers/STM32L4xx_HAL_Driver/Src/stm32l4xx_hal_tim.o
                0x0000000008003964                HAL_TIM_IC_CaptureCallback
 .text.HAL_TIM_PWM_PulseFinishedCallback
                0x0000000008003978       0x14 ./Drivers/STM32L4xx_HAL_Driver/Src/stm32l4xx_hal_tim.o
                0x0000000008003978                HAL_TIM_PWM_PulseFinishedCallback
 .text.HAL_TIM_TriggerCallback
                0x000000000800398c       0x14 ./Drivers/STM32L4xx_HAL_Driver/Src/stm32l4xx_hal_tim.o
                0x000000000800398c                HAL_TIM_TriggerCallback
 .text.TIM_Base_SetConfig
                0x00000000080039a0      0x134 ./Drivers/STM32L4xx_HAL_Driver/Src/stm32l4xx_hal_tim.o
                0x00000000080039a0                TIM_Base_SetConfig
 .text.TIM_TI1_ConfigInputStage
                0x0000000008003ad4       0x5e ./Drivers/STM32L4xx_HAL_Driver/Src/stm32l4xx_hal_tim.o
 .text.TIM_TI2_ConfigInputStage
                0x0000000008003b32       0x60 ./Drivers/STM32L4xx_HAL_Driver/Src/stm32l4xx_hal_tim.o
 .text.TIM_ITRx_SetConfig
                0x0000000008003b92       0x36 ./Drivers/STM32L4xx_HAL_Driver/Src/stm32l4xx_hal_tim.o
 .text.TIM_ETR_SetConfig
                0x0000000008003bc8       0x40 ./Drivers/STM32L4xx_HAL_Driver/Src/stm32l4xx_hal_tim.o
                0x0000000008003bc8                TIM_ETR_SetConfig
 .text.HAL_TIMEx_MasterConfigSynchronization
                0x0000000008003c08      0x110 ./Drivers/STM32L4xx_HAL_Driver/Src/stm32l4xx_hal_tim_ex.o
                0x0000000008003c08                HAL_TIMEx_MasterConfigSynchronization
 .text.HAL_TIMEx_CommutCallback
                0x0000000008003d18       0x14 ./Drivers/STM32L4xx_HAL_Driver/Src/stm32l4xx_hal_tim_ex.o
                0x0000000008003d18                HAL_TIMEx_CommutCallback
 .text.HAL_TIMEx_BreakCallback
                0x0000000008003d2c       0x14 ./Drivers/STM32L4xx_HAL_Driver/Src/stm32l4xx_hal_tim_ex.o
                0x0000000008003d2c                HAL_TIMEx_BreakCallback
 .text.HAL_TIMEx_Break2Callback
                0x0000000008003d40       0x14 ./Drivers/STM32L4xx_HAL_Driver/Src/stm32l4xx_hal_tim_ex.o
                0x0000000008003d40                HAL_TIMEx_Break2Callback
 .text.HAL_UART_Init
                0x0000000008003d54       0xa0 ./Drivers/STM32L4xx_HAL_Driver/Src/stm32l4xx_hal_uart.o
                0x0000000008003d54                HAL_UART_Init
 .text.HAL_UART_Receive_DMA
                0x0000000008003df4       0xac ./Drivers/STM32L4xx_HAL_Driver/Src/stm32l4xx_hal_uart.o
                0x0000000008003df4                HAL_UART_Receive_DMA
 .text.HAL_UART_DMAStop
                0x0000000008003ea0      0x126 ./Drivers/STM32L4xx_HAL_Driver/Src/stm32l4xx_hal_uart.o
                0x0000000008003ea0                HAL_UART_DMAStop
 *fill*         0x0000000008003fc6        0x2 
 .text.HAL_UART_IRQHandler
                0x0000000008003fc8      0x630 ./Drivers/STM32L4xx_HAL_Driver/Src/stm32l4xx_hal_uart.o
                0x0000000008003fc8                HAL_UART_IRQHandler
 .text.HAL_UART_TxCpltCallback
                0x00000000080045f8       0x14 ./Drivers/STM32L4xx_HAL_Driver/Src/stm32l4xx_hal_uart.o
                0x00000000080045f8                HAL_UART_TxCpltCallback
 .text.HAL_UART_RxCpltCallback
                0x000000000800460c       0x14 ./Drivers/STM32L4xx_HAL_Driver/Src/stm32l4xx_hal_uart.o
                0x000000000800460c                HAL_UART_RxCpltCallback
 .text.HAL_UART_RxHalfCpltCallback
                0x0000000008004620       0x14 ./Drivers/STM32L4xx_HAL_Driver/Src/stm32l4xx_hal_uart.o
                0x0000000008004620                HAL_UART_RxHalfCpltCallback
 .text.HAL_UART_ErrorCallback
                0x0000000008004634       0x14 ./Drivers/STM32L4xx_HAL_Driver/Src/stm32l4xx_hal_uart.o
                0x0000000008004634                HAL_UART_ErrorCallback
 .text.HAL_UARTEx_RxEventCallback
                0x0000000008004648       0x18 ./Drivers/STM32L4xx_HAL_Driver/Src/stm32l4xx_hal_uart.o
                0x0000000008004648                HAL_UARTEx_RxEventCallback
 .text.UART_SetConfig
                0x0000000008004660      0x5f8 ./Drivers/STM32L4xx_HAL_Driver/Src/stm32l4xx_hal_uart.o
                0x0000000008004660                UART_SetConfig
 .text.UART_AdvFeatureConfig
                0x0000000008004c58      0x144 ./Drivers/STM32L4xx_HAL_Driver/Src/stm32l4xx_hal_uart.o
                0x0000000008004c58                UART_AdvFeatureConfig
 .text.UART_CheckIdleState
                0x0000000008004d9c       0x96 ./Drivers/STM32L4xx_HAL_Driver/Src/stm32l4xx_hal_uart.o
                0x0000000008004d9c                UART_CheckIdleState
 .text.UART_WaitOnFlagUntilTimeout
                0x0000000008004e32      0x190 ./Drivers/STM32L4xx_HAL_Driver/Src/stm32l4xx_hal_uart.o
                0x0000000008004e32                UART_WaitOnFlagUntilTimeout
 *fill*         0x0000000008004fc2        0x2 
 .text.UART_Start_Receive_DMA
                0x0000000008004fc4      0x150 ./Drivers/STM32L4xx_HAL_Driver/Src/stm32l4xx_hal_uart.o
                0x0000000008004fc4                UART_Start_Receive_DMA
 .text.UART_EndTxTransfer
                0x0000000008005114       0x82 ./Drivers/STM32L4xx_HAL_Driver/Src/stm32l4xx_hal_uart.o
 .text.UART_EndRxTransfer
                0x0000000008005196       0xcc ./Drivers/STM32L4xx_HAL_Driver/Src/stm32l4xx_hal_uart.o
 .text.UART_DMAReceiveCplt
                0x0000000008005262      0x126 ./Drivers/STM32L4xx_HAL_Driver/Src/stm32l4xx_hal_uart.o
 .text.UART_DMARxHalfCplt
                0x0000000008005388       0x38 ./Drivers/STM32L4xx_HAL_Driver/Src/stm32l4xx_hal_uart.o
 .text.UART_DMAError
                0x00000000080053c0       0x80 ./Drivers/STM32L4xx_HAL_Driver/Src/stm32l4xx_hal_uart.o
 .text.UART_DMAAbortOnError
                0x0000000008005440       0x2c ./Drivers/STM32L4xx_HAL_Driver/Src/stm32l4xx_hal_uart.o
 .text.UART_EndTransmit_IT
                0x000000000800546c       0x56 ./Drivers/STM32L4xx_HAL_Driver/Src/stm32l4xx_hal_uart.o
 .text.HAL_UARTEx_WakeupCallback
                0x00000000080054c2       0x14 ./Drivers/STM32L4xx_HAL_Driver/Src/stm32l4xx_hal_uart_ex.o
                0x00000000080054c2                HAL_UARTEx_WakeupCallback
 .text.HAL_UARTEx_RxFifoFullCallback
                0x00000000080054d6       0x14 ./Drivers/STM32L4xx_HAL_Driver/Src/stm32l4xx_hal_uart_ex.o
                0x00000000080054d6                HAL_UARTEx_RxFifoFullCallback
 .text.HAL_UARTEx_TxFifoEmptyCallback
                0x00000000080054ea       0x14 ./Drivers/STM32L4xx_HAL_Driver/Src/stm32l4xx_hal_uart_ex.o
                0x00000000080054ea                HAL_UARTEx_TxFifoEmptyCallback
 .text.HAL_UARTEx_DisableFifoMode
                0x00000000080054fe       0x72 ./Drivers/STM32L4xx_HAL_Driver/Src/stm32l4xx_hal_uart_ex.o
                0x00000000080054fe                HAL_UARTEx_DisableFifoMode
 .text.HAL_UARTEx_SetTxFifoThreshold
                0x0000000008005570       0x7c ./Drivers/STM32L4xx_HAL_Driver/Src/stm32l4xx_hal_uart_ex.o
                0x0000000008005570                HAL_UARTEx_SetTxFifoThreshold
 .text.HAL_UARTEx_SetRxFifoThreshold
                0x00000000080055ec       0x7c ./Drivers/STM32L4xx_HAL_Driver/Src/stm32l4xx_hal_uart_ex.o
                0x00000000080055ec                HAL_UARTEx_SetRxFifoThreshold
 .text.UARTEx_SetNbDataToProcess
                0x0000000008005668       0x9c ./Drivers/STM32L4xx_HAL_Driver/Src/stm32l4xx_hal_uart_ex.o
 .text.__libc_init_array
                0x0000000008005704       0x48 d:/cubeide/stm32cubeide_1.10.1/stm32cubeide/plugins/com.st.stm32cube.ide.mcu.externaltools.gnu-tools-for-stm32.10.3-2021.10.win32_1.0.0.202111181127/tools/bin/../lib/gcc/arm-none-eabi/10.3.1/../../../../arm-none-eabi/lib/thumb/v7e-m+fp/hard\libc_nano.a(lib_a-init.o)
                0x0000000008005704                __libc_init_array
 .text.memset   0x000000000800574c       0x10 d:/cubeide/stm32cubeide_1.10.1/stm32cubeide/plugins/com.st.stm32cube.ide.mcu.externaltools.gnu-tools-for-stm32.10.3-2021.10.win32_1.0.0.202111181127/tools/bin/../lib/gcc/arm-none-eabi/10.3.1/../../../../arm-none-eabi/lib/thumb/v7e-m+fp/hard\libc_nano.a(lib_a-memset.o)
                0x000000000800574c                memset
 .text.atanf    0x000000000800575c      0x1a8 d:/cubeide/stm32cubeide_1.10.1/stm32cubeide/plugins/com.st.stm32cube.ide.mcu.externaltools.gnu-tools-for-stm32.10.3-2021.10.win32_1.0.0.202111181127/tools/bin/../lib/gcc/arm-none-eabi/10.3.1/../../../../arm-none-eabi/lib/thumb/v7e-m+fp/hard\libm.a(lib_a-sf_atan.o)
                0x000000000800575c                atanf
 .text.fabsf    0x0000000008005904        0xe d:/cubeide/stm32cubeide_1.10.1/stm32cubeide/plugins/com.st.stm32cube.ide.mcu.externaltools.gnu-tools-for-stm32.10.3-2021.10.win32_1.0.0.202111181127/tools/bin/../lib/gcc/arm-none-eabi/10.3.1/../../../../arm-none-eabi/lib/thumb/v7e-m+fp/hard\libm.a(lib_a-sf_fabs.o)
                0x0000000008005904                fabsf
 *(.glue_7)
 .glue_7        0x0000000008005912        0x0 linker stubs
 *(.glue_7t)
 .glue_7t       0x0000000008005912        0x0 linker stubs
 *(.eh_frame)
 *fill*         0x0000000008005912        0x2 
 .eh_frame      0x0000000008005914        0x0 d:/cubeide/stm32cubeide_1.10.1/stm32cubeide/plugins/com.st.stm32cube.ide.mcu.externaltools.gnu-tools-for-stm32.10.3-2021.10.win32_1.0.0.202111181127/tools/bin/../lib/gcc/arm-none-eabi/10.3.1/thumb/v7e-m+fp/hard/crtbegin.o
 *(.init)
 .init          0x0000000008005914        0x4 d:/cubeide/stm32cubeide_1.10.1/stm32cubeide/plugins/com.st.stm32cube.ide.mcu.externaltools.gnu-tools-for-stm32.10.3-2021.10.win32_1.0.0.202111181127/tools/bin/../lib/gcc/arm-none-eabi/10.3.1/thumb/v7e-m+fp/hard/crti.o
                0x0000000008005914                _init
 .init          0x0000000008005918        0x8 d:/cubeide/stm32cubeide_1.10.1/stm32cubeide/plugins/com.st.stm32cube.ide.mcu.externaltools.gnu-tools-for-stm32.10.3-2021.10.win32_1.0.0.202111181127/tools/bin/../lib/gcc/arm-none-eabi/10.3.1/thumb/v7e-m+fp/hard/crtn.o
 *(.fini)
 .fini          0x0000000008005920        0x4 d:/cubeide/stm32cubeide_1.10.1/stm32cubeide/plugins/com.st.stm32cube.ide.mcu.externaltools.gnu-tools-for-stm32.10.3-2021.10.win32_1.0.0.202111181127/tools/bin/../lib/gcc/arm-none-eabi/10.3.1/thumb/v7e-m+fp/hard/crti.o
                0x0000000008005920                _fini
 .fini          0x0000000008005924        0x8 d:/cubeide/stm32cubeide_1.10.1/stm32cubeide/plugins/com.st.stm32cube.ide.mcu.externaltools.gnu-tools-for-stm32.10.3-2021.10.win32_1.0.0.202111181127/tools/bin/../lib/gcc/arm-none-eabi/10.3.1/thumb/v7e-m+fp/hard/crtn.o
                0x000000000800592c                . = ALIGN (0x4)
                0x000000000800592c                _etext = .

.vfp11_veneer   0x000000000800592c        0x0
 .vfp11_veneer  0x000000000800592c        0x0 linker stubs

.v4_bx          0x000000000800592c        0x0
 .v4_bx         0x000000000800592c        0x0 linker stubs

.iplt           0x000000000800592c        0x0
 .iplt          0x000000000800592c        0x0 d:/cubeide/stm32cubeide_1.10.1/stm32cubeide/plugins/com.st.stm32cube.ide.mcu.externaltools.gnu-tools-for-stm32.10.3-2021.10.win32_1.0.0.202111181127/tools/bin/../lib/gcc/arm-none-eabi/10.3.1/thumb/v7e-m+fp/hard/crtbegin.o

.rodata         0x000000000800592c       0x90
                0x000000000800592c                . = ALIGN (0x4)
 *(.rodata)
 *(.rodata*)
 .rodata.AHBPrescTable
                0x000000000800592c       0x10 ./Core/Src/system_stm32l4xx.o
                0x000000000800592c                AHBPrescTable
 .rodata.APBPrescTable
                0x000000000800593c        0x8 ./Core/Src/system_stm32l4xx.o
                0x000000000800593c                APBPrescTable
 .rodata.MSIRangeTable
                0x0000000008005944       0x30 ./Core/Src/system_stm32l4xx.o
                0x0000000008005944                MSIRangeTable
 .rodata.UARTPrescTable
                0x0000000008005974       0x18 ./Drivers/STM32L4xx_HAL_Driver/Src/stm32l4xx_hal_uart.o
                0x0000000008005974                UARTPrescTable
 .rodata.numerator.1
                0x000000000800598c        0x8 ./Drivers/STM32L4xx_HAL_Driver/Src/stm32l4xx_hal_uart_ex.o
 .rodata.denominator.0
                0x0000000008005994        0x8 ./Drivers/STM32L4xx_HAL_Driver/Src/stm32l4xx_hal_uart_ex.o
 .rodata.atanhi
                0x000000000800599c       0x10 d:/cubeide/stm32cubeide_1.10.1/stm32cubeide/plugins/com.st.stm32cube.ide.mcu.externaltools.gnu-tools-for-stm32.10.3-2021.10.win32_1.0.0.202111181127/tools/bin/../lib/gcc/arm-none-eabi/10.3.1/../../../../arm-none-eabi/lib/thumb/v7e-m+fp/hard\libm.a(lib_a-sf_atan.o)
 .rodata.atanlo
                0x00000000080059ac       0x10 d:/cubeide/stm32cubeide_1.10.1/stm32cubeide/plugins/com.st.stm32cube.ide.mcu.externaltools.gnu-tools-for-stm32.10.3-2021.10.win32_1.0.0.202111181127/tools/bin/../lib/gcc/arm-none-eabi/10.3.1/../../../../arm-none-eabi/lib/thumb/v7e-m+fp/hard\libm.a(lib_a-sf_atan.o)
                0x00000000080059bc                . = ALIGN (0x4)

.ARM.extab      0x00000000080059bc        0x0
                0x00000000080059bc                . = ALIGN (0x4)
 *(.ARM.extab* .gnu.linkonce.armextab.*)
                0x00000000080059bc                . = ALIGN (0x4)

.ARM            0x00000000080059bc        0x8
                0x00000000080059bc                . = ALIGN (0x4)
                0x00000000080059bc                __exidx_start = .
 *(.ARM.exidx*)
 .ARM.exidx     0x00000000080059bc        0x8 d:/cubeide/stm32cubeide_1.10.1/stm32cubeide/plugins/com.st.stm32cube.ide.mcu.externaltools.gnu-tools-for-stm32.10.3-2021.10.win32_1.0.0.202111181127/tools/bin/../lib/gcc/arm-none-eabi/10.3.1/thumb/v7e-m+fp/hard\libgcc.a(_udivmoddi4.o)
                0x00000000080059c4                __exidx_end = .
                0x00000000080059c4                . = ALIGN (0x4)

.rel.dyn        0x00000000080059c4        0x0
 .rel.iplt      0x00000000080059c4        0x0 d:/cubeide/stm32cubeide_1.10.1/stm32cubeide/plugins/com.st.stm32cube.ide.mcu.externaltools.gnu-tools-for-stm32.10.3-2021.10.win32_1.0.0.202111181127/tools/bin/../lib/gcc/arm-none-eabi/10.3.1/thumb/v7e-m+fp/hard/crtbegin.o

.preinit_array  0x00000000080059c4        0x0
                0x00000000080059c4                . = ALIGN (0x4)
                0x00000000080059c4                PROVIDE (__preinit_array_start = .)
 *(.preinit_array*)
                0x00000000080059c4                PROVIDE (__preinit_array_end = .)
                0x00000000080059c4                . = ALIGN (0x4)

.init_array     0x00000000080059c4        0x4
                0x00000000080059c4                . = ALIGN (0x4)
                0x00000000080059c4                PROVIDE (__init_array_start = .)
 *(SORT_BY_NAME(.init_array.*))
 *(.init_array*)
 .init_array    0x00000000080059c4        0x4 d:/cubeide/stm32cubeide_1.10.1/stm32cubeide/plugins/com.st.stm32cube.ide.mcu.externaltools.gnu-tools-for-stm32.10.3-2021.10.win32_1.0.0.202111181127/tools/bin/../lib/gcc/arm-none-eabi/10.3.1/thumb/v7e-m+fp/hard/crtbegin.o
                0x00000000080059c8                PROVIDE (__init_array_end = .)
                0x00000000080059c8                . = ALIGN (0x4)

.fini_array     0x00000000080059c8        0x4
                0x00000000080059c8                . = ALIGN (0x4)
                [!provide]                        PROVIDE (__fini_array_start = .)
 *(SORT_BY_NAME(.fini_array.*))
 *(.fini_array*)
 .fini_array    0x00000000080059c8        0x4 d:/cubeide/stm32cubeide_1.10.1/stm32cubeide/plugins/com.st.stm32cube.ide.mcu.externaltools.gnu-tools-for-stm32.10.3-2021.10.win32_1.0.0.202111181127/tools/bin/../lib/gcc/arm-none-eabi/10.3.1/thumb/v7e-m+fp/hard/crtbegin.o
                [!provide]                        PROVIDE (__fini_array_end = .)
                0x00000000080059cc                . = ALIGN (0x4)
                0x00000000080059cc                _sidata = LOADADDR (.data)

.data           0x0000000020000000        0xc load address 0x00000000080059cc
                0x0000000020000000                . = ALIGN (0x4)
                0x0000000020000000                _sdata = .
 *(.data)
 *(.data*)
 .data.SystemCoreClock
                0x0000000020000000        0x4 ./Core/Src/system_stm32l4xx.o
                0x0000000020000000                SystemCoreClock
 .data.uwTickPrio
                0x0000000020000004        0x4 ./Drivers/STM32L4xx_HAL_Driver/Src/stm32l4xx_hal.o
                0x0000000020000004                uwTickPrio
 .data.uwTickFreq
                0x0000000020000008        0x1 ./Drivers/STM32L4xx_HAL_Driver/Src/stm32l4xx_hal.o
                0x0000000020000008                uwTickFreq
 *(.RamFunc)
 *(.RamFunc*)
                0x000000002000000c                . = ALIGN (0x4)
 *fill*         0x0000000020000009        0x3 
                0x000000002000000c                _edata = .

.igot.plt       0x000000002000000c        0x0 load address 0x00000000080059d8
 .igot.plt      0x000000002000000c        0x0 d:/cubeide/stm32cubeide_1.10.1/stm32cubeide/plugins/com.st.stm32cube.ide.mcu.externaltools.gnu-tools-for-stm32.10.3-2021.10.win32_1.0.0.202111181127/tools/bin/../lib/gcc/arm-none-eabi/10.3.1/thumb/v7e-m+fp/hard/crtbegin.o
                0x000000002000000c                . = ALIGN (0x4)

.bss            0x000000002000000c      0x1f4 load address 0x00000000080059d8
                0x000000002000000c                _sbss = .
                0x000000002000000c                __bss_start__ = _sbss
 *(.bss)
 .bss           0x000000002000000c       0x1c d:/cubeide/stm32cubeide_1.10.1/stm32cubeide/plugins/com.st.stm32cube.ide.mcu.externaltools.gnu-tools-for-stm32.10.3-2021.10.win32_1.0.0.202111181127/tools/bin/../lib/gcc/arm-none-eabi/10.3.1/thumb/v7e-m+fp/hard/crtbegin.o
 *(.bss*)
 .bss.rx_buff   0x0000000020000028       0x40 ./Core/Src/main.o
                0x0000000020000028                rx_buff
 .bss.test_buff
                0x0000000020000068       0x40 ./Core/Src/main.o
                0x0000000020000068                test_buff
 .bss.data_len  0x00000000200000a8        0x1 ./Core/Src/main.o
                0x00000000200000a8                data_len
 *fill*         0x00000000200000a9        0x3 
 .bss.pose_x    0x00000000200000ac        0x4 ./Core/Src/main.o
                0x00000000200000ac                pose_x
 .bss.pose_y    0x00000000200000b0        0x4 ./Core/Src/main.o
                0x00000000200000b0                pose_y
 .bss.pose_z    0x00000000200000b4        0x4 ./Core/Src/main.o
                0x00000000200000b4                pose_z
 .bss.yaw       0x00000000200000b8        0x4 ./Core/Src/main.o
                0x00000000200000b8                yaw
 .bss.pitch     0x00000000200000bc        0x4 ./Core/Src/main.o
                0x00000000200000bc                pitch
 .bss.htim1     0x00000000200000c0       0x4c ./Core/Src/tim.o
                0x00000000200000c0                htim1
 .bss.huart2    0x000000002000010c       0x90 ./Core/Src/usart.o
                0x000000002000010c                huart2
 .bss.hdma_usart2_rx
                0x000000002000019c       0x60 ./Core/Src/usart.o
                0x000000002000019c                hdma_usart2_rx
 .bss.uwTick    0x00000000200001fc        0x4 ./Drivers/STM32L4xx_HAL_Driver/Src/stm32l4xx_hal.o
                0x00000000200001fc                uwTick
 *(COMMON)
                0x0000000020000200                . = ALIGN (0x4)
                0x0000000020000200                _ebss = .
                0x0000000020000200                __bss_end__ = _ebss

._user_heap_stack
                0x0000000020000200      0x600 load address 0x00000000080059d8
                0x0000000020000200                . = ALIGN (0x8)
                [!provide]                        PROVIDE (end = .)
                0x0000000020000200                PROVIDE (_end = .)
                0x0000000020000400                . = (. + _Min_Heap_Size)
 *fill*         0x0000000020000200      0x200 
                0x0000000020000800                . = (. + _Min_Stack_Size)
 *fill*         0x0000000020000400      0x400 
                0x0000000020000800                . = ALIGN (0x8)

/DISCARD/
 libc.a(*)
 libm.a(*)
 libgcc.a(*)

.ARM.attributes
                0x0000000000000000       0x30
 *(.ARM.attributes)
 .ARM.attributes
                0x0000000000000000       0x1e d:/cubeide/stm32cubeide_1.10.1/stm32cubeide/plugins/com.st.stm32cube.ide.mcu.externaltools.gnu-tools-for-stm32.10.3-2021.10.win32_1.0.0.202111181127/tools/bin/../lib/gcc/arm-none-eabi/10.3.1/thumb/v7e-m+fp/hard/crti.o
 .ARM.attributes
                0x000000000000001e       0x34 d:/cubeide/stm32cubeide_1.10.1/stm32cubeide/plugins/com.st.stm32cube.ide.mcu.externaltools.gnu-tools-for-stm32.10.3-2021.10.win32_1.0.0.202111181127/tools/bin/../lib/gcc/arm-none-eabi/10.3.1/thumb/v7e-m+fp/hard/crtbegin.o
 .ARM.attributes
                0x0000000000000052       0x34 ./Core/Src/dma.o
 .ARM.attributes
                0x0000000000000086       0x34 ./Core/Src/gpio.o
 .ARM.attributes
                0x00000000000000ba       0x34 ./Core/Src/main.o
 .ARM.attributes
                0x00000000000000ee       0x34 ./Core/Src/stm32l4xx_hal_msp.o
 .ARM.attributes
                0x0000000000000122       0x34 ./Core/Src/stm32l4xx_it.o
 .ARM.attributes
                0x0000000000000156       0x34 ./Core/Src/system_stm32l4xx.o
 .ARM.attributes
                0x000000000000018a       0x34 ./Core/Src/tim.o
 .ARM.attributes
                0x00000000000001be       0x34 ./Core/Src/usart.o
 .ARM.attributes
                0x00000000000001f2       0x21 ./Core/Startup/startup_stm32l4r5zitx.o
 .ARM.attributes
                0x0000000000000213       0x34 ./Drivers/STM32L4xx_HAL_Driver/Src/stm32l4xx_hal.o
 .ARM.attributes
                0x0000000000000247       0x34 ./Drivers/STM32L4xx_HAL_Driver/Src/stm32l4xx_hal_cortex.o
 .ARM.attributes
                0x000000000000027b       0x34 ./Drivers/STM32L4xx_HAL_Driver/Src/stm32l4xx_hal_dma.o
 .ARM.attributes
                0x00000000000002af       0x34 ./Drivers/STM32L4xx_HAL_Driver/Src/stm32l4xx_hal_gpio.o
 .ARM.attributes
                0x00000000000002e3       0x34 ./Drivers/STM32L4xx_HAL_Driver/Src/stm32l4xx_hal_pwr_ex.o
 .ARM.attributes
                0x0000000000000317       0x34 ./Drivers/STM32L4xx_HAL_Driver/Src/stm32l4xx_hal_rcc.o
 .ARM.attributes
                0x000000000000034b       0x34 ./Drivers/STM32L4xx_HAL_Driver/Src/stm32l4xx_hal_rcc_ex.o
 .ARM.attributes
                0x000000000000037f       0x34 ./Drivers/STM32L4xx_HAL_Driver/Src/stm32l4xx_hal_tim.o
 .ARM.attributes
                0x00000000000003b3       0x34 ./Drivers/STM32L4xx_HAL_Driver/Src/stm32l4xx_hal_tim_ex.o
 .ARM.attributes
                0x00000000000003e7       0x34 ./Drivers/STM32L4xx_HAL_Driver/Src/stm32l4xx_hal_uart.o
 .ARM.attributes
                0x000000000000041b       0x34 ./Drivers/STM32L4xx_HAL_Driver/Src/stm32l4xx_hal_uart_ex.o
 .ARM.attributes
                0x000000000000044f       0x34 d:/cubeide/stm32cubeide_1.10.1/stm32cubeide/plugins/com.st.stm32cube.ide.mcu.externaltools.gnu-tools-for-stm32.10.3-2021.10.win32_1.0.0.202111181127/tools/bin/../lib/gcc/arm-none-eabi/10.3.1/../../../../arm-none-eabi/lib/thumb/v7e-m+fp/hard\libc_nano.a(lib_a-init.o)
 .ARM.attributes
                0x0000000000000483       0x34 d:/cubeide/stm32cubeide_1.10.1/stm32cubeide/plugins/com.st.stm32cube.ide.mcu.externaltools.gnu-tools-for-stm32.10.3-2021.10.win32_1.0.0.202111181127/tools/bin/../lib/gcc/arm-none-eabi/10.3.1/../../../../arm-none-eabi/lib/thumb/v7e-m+fp/hard\libc_nano.a(lib_a-memset.o)
 .ARM.attributes
                0x00000000000004b7       0x34 d:/cubeide/stm32cubeide_1.10.1/stm32cubeide/plugins/com.st.stm32cube.ide.mcu.externaltools.gnu-tools-for-stm32.10.3-2021.10.win32_1.0.0.202111181127/tools/bin/../lib/gcc/arm-none-eabi/10.3.1/../../../../arm-none-eabi/lib/thumb/v7e-m+fp/hard\libm.a(lib_a-sf_atan.o)
 .ARM.attributes
                0x00000000000004eb       0x34 d:/cubeide/stm32cubeide_1.10.1/stm32cubeide/plugins/com.st.stm32cube.ide.mcu.externaltools.gnu-tools-for-stm32.10.3-2021.10.win32_1.0.0.202111181127/tools/bin/../lib/gcc/arm-none-eabi/10.3.1/../../../../arm-none-eabi/lib/thumb/v7e-m+fp/hard\libm.a(lib_a-sf_fabs.o)
 .ARM.attributes
                0x000000000000051f       0x1e d:/cubeide/stm32cubeide_1.10.1/stm32cubeide/plugins/com.st.stm32cube.ide.mcu.externaltools.gnu-tools-for-stm32.10.3-2021.10.win32_1.0.0.202111181127/tools/bin/../lib/gcc/arm-none-eabi/10.3.1/thumb/v7e-m+fp/hard\libgcc.a(_aeabi_uldivmod.o)
 .ARM.attributes
                0x000000000000053d       0x34 d:/cubeide/stm32cubeide_1.10.1/stm32cubeide/plugins/com.st.stm32cube.ide.mcu.externaltools.gnu-tools-for-stm32.10.3-2021.10.win32_1.0.0.202111181127/tools/bin/../lib/gcc/arm-none-eabi/10.3.1/thumb/v7e-m+fp/hard\libgcc.a(_udivmoddi4.o)
 .ARM.attributes
                0x0000000000000571       0x1e d:/cubeide/stm32cubeide_1.10.1/stm32cubeide/plugins/com.st.stm32cube.ide.mcu.externaltools.gnu-tools-for-stm32.10.3-2021.10.win32_1.0.0.202111181127/tools/bin/../lib/gcc/arm-none-eabi/10.3.1/thumb/v7e-m+fp/hard\libgcc.a(_dvmd_tls.o)
 .ARM.attributes
                0x000000000000058f       0x1e d:/cubeide/stm32cubeide_1.10.1/stm32cubeide/plugins/com.st.stm32cube.ide.mcu.externaltools.gnu-tools-for-stm32.10.3-2021.10.win32_1.0.0.202111181127/tools/bin/../lib/gcc/arm-none-eabi/10.3.1/thumb/v7e-m+fp/hard/crtn.o
OUTPUT(Not-so-smatrLED.elf elf32-littlearm)
LOAD linker stubs
LOAD d:/cubeide/stm32cubeide_1.10.1/stm32cubeide/plugins/com.st.stm32cube.ide.mcu.externaltools.gnu-tools-for-stm32.10.3-2021.10.win32_1.0.0.202111181127/tools/bin/../lib/gcc/arm-none-eabi/10.3.1/../../../../arm-none-eabi/lib/thumb/v7e-m+fp/hard\libc.a
LOAD d:/cubeide/stm32cubeide_1.10.1/stm32cubeide/plugins/com.st.stm32cube.ide.mcu.externaltools.gnu-tools-for-stm32.10.3-2021.10.win32_1.0.0.202111181127/tools/bin/../lib/gcc/arm-none-eabi/10.3.1/../../../../arm-none-eabi/lib/thumb/v7e-m+fp/hard\libm.a
LOAD d:/cubeide/stm32cubeide_1.10.1/stm32cubeide/plugins/com.st.stm32cube.ide.mcu.externaltools.gnu-tools-for-stm32.10.3-2021.10.win32_1.0.0.202111181127/tools/bin/../lib/gcc/arm-none-eabi/10.3.1/thumb/v7e-m+fp/hard\libgcc.a

.debug_info     0x0000000000000000    0x14c65
 .debug_info    0x0000000000000000      0x5c6 ./Core/Src/dma.o
 .debug_info    0x00000000000005c6      0x520 ./Core/Src/gpio.o
 .debug_info    0x0000000000000ae6     0x1081 ./Core/Src/main.o
 .debug_info    0x0000000000001b67      0x5c6 ./Core/Src/stm32l4xx_hal_msp.o
 .debug_info    0x000000000000212d      0xdff ./Core/Src/stm32l4xx_it.o
 .debug_info    0x0000000000002f2c      0x5fe ./Core/Src/system_stm32l4xx.o
 .debug_info    0x000000000000352a      0xe75 ./Core/Src/tim.o
 .debug_info    0x000000000000439f     0x1224 ./Core/Src/usart.o
 .debug_info    0x00000000000055c3       0x22 ./Core/Startup/startup_stm32l4r5zitx.o
 .debug_info    0x00000000000055e5      0xb93 ./Drivers/STM32L4xx_HAL_Driver/Src/stm32l4xx_hal.o
 .debug_info    0x0000000000006178      0xe39 ./Drivers/STM32L4xx_HAL_Driver/Src/stm32l4xx_hal_cortex.o
 .debug_info    0x0000000000006fb1      0x8ce ./Drivers/STM32L4xx_HAL_Driver/Src/stm32l4xx_hal_dma.o
 .debug_info    0x000000000000787f      0x859 ./Drivers/STM32L4xx_HAL_Driver/Src/stm32l4xx_hal_gpio.o
 .debug_info    0x00000000000080d8      0xa5e ./Drivers/STM32L4xx_HAL_Driver/Src/stm32l4xx_hal_pwr_ex.o
 .debug_info    0x0000000000008b36      0xe19 ./Drivers/STM32L4xx_HAL_Driver/Src/stm32l4xx_hal_rcc.o
 .debug_info    0x000000000000994f     0x11f3 ./Drivers/STM32L4xx_HAL_Driver/Src/stm32l4xx_hal_rcc_ex.o
 .debug_info    0x000000000000ab42     0x2e1e ./Drivers/STM32L4xx_HAL_Driver/Src/stm32l4xx_hal_tim.o
 .debug_info    0x000000000000d960     0x1905 ./Drivers/STM32L4xx_HAL_Driver/Src/stm32l4xx_hal_tim_ex.o
 .debug_info    0x000000000000f265     0x4996 ./Drivers/STM32L4xx_HAL_Driver/Src/stm32l4xx_hal_uart.o
 .debug_info    0x0000000000013bfb     0x106a ./Drivers/STM32L4xx_HAL_Driver/Src/stm32l4xx_hal_uart_ex.o

.debug_abbrev   0x0000000000000000     0x27ab
 .debug_abbrev  0x0000000000000000      0x103 ./Core/Src/dma.o
 .debug_abbrev  0x0000000000000103      0x146 ./Core/Src/gpio.o
 .debug_abbrev  0x0000000000000249      0x261 ./Core/Src/main.o
 .debug_abbrev  0x00000000000004aa      0x103 ./Core/Src/stm32l4xx_hal_msp.o
 .debug_abbrev  0x00000000000005ad      0x1f1 ./Core/Src/stm32l4xx_it.o
 .debug_abbrev  0x000000000000079e      0x116 ./Core/Src/system_stm32l4xx.o
 .debug_abbrev  0x00000000000008b4      0x1e7 ./Core/Src/tim.o
 .debug_abbrev  0x0000000000000a9b      0x21a ./Core/Src/usart.o
 .debug_abbrev  0x0000000000000cb5       0x12 ./Core/Startup/startup_stm32l4r5zitx.o
 .debug_abbrev  0x0000000000000cc7      0x23a ./Drivers/STM32L4xx_HAL_Driver/Src/stm32l4xx_hal.o
 .debug_abbrev  0x0000000000000f01      0x316 ./Drivers/STM32L4xx_HAL_Driver/Src/stm32l4xx_hal_cortex.o
 .debug_abbrev  0x0000000000001217      0x1d7 ./Drivers/STM32L4xx_HAL_Driver/Src/stm32l4xx_hal_dma.o
 .debug_abbrev  0x00000000000013ee      0x1bb ./Drivers/STM32L4xx_HAL_Driver/Src/stm32l4xx_hal_gpio.o
 .debug_abbrev  0x00000000000015a9      0x1f3 ./Drivers/STM32L4xx_HAL_Driver/Src/stm32l4xx_hal_pwr_ex.o
 .debug_abbrev  0x000000000000179c      0x2f9 ./Drivers/STM32L4xx_HAL_Driver/Src/stm32l4xx_hal_rcc.o
 .debug_abbrev  0x0000000000001a95      0x299 ./Drivers/STM32L4xx_HAL_Driver/Src/stm32l4xx_hal_rcc_ex.o
 .debug_abbrev  0x0000000000001d2e      0x264 ./Drivers/STM32L4xx_HAL_Driver/Src/stm32l4xx_hal_tim.o
 .debug_abbrev  0x0000000000001f92      0x26c ./Drivers/STM32L4xx_HAL_Driver/Src/stm32l4xx_hal_tim_ex.o
 .debug_abbrev  0x00000000000021fe      0x2f0 ./Drivers/STM32L4xx_HAL_Driver/Src/stm32l4xx_hal_uart.o
 .debug_abbrev  0x00000000000024ee      0x2bd ./Drivers/STM32L4xx_HAL_Driver/Src/stm32l4xx_hal_uart_ex.o

.debug_aranges  0x0000000000000000     0x1078
 .debug_aranges
                0x0000000000000000       0x20 ./Core/Src/dma.o
 .debug_aranges
                0x0000000000000020       0x20 ./Core/Src/gpio.o
 .debug_aranges
                0x0000000000000040       0x40 ./Core/Src/main.o
 .debug_aranges
                0x0000000000000080       0x20 ./Core/Src/stm32l4xx_hal_msp.o
 .debug_aranges
                0x00000000000000a0       0x98 ./Core/Src/stm32l4xx_it.o
 .debug_aranges
                0x0000000000000138       0x28 ./Core/Src/system_stm32l4xx.o
 .debug_aranges
                0x0000000000000160       0x30 ./Core/Src/tim.o
 .debug_aranges
                0x0000000000000190       0x30 ./Core/Src/usart.o
 .debug_aranges
                0x00000000000001c0       0x28 ./Core/Startup/startup_stm32l4r5zitx.o
 .debug_aranges
                0x00000000000001e8      0x130 ./Drivers/STM32L4xx_HAL_Driver/Src/stm32l4xx_hal.o
 .debug_aranges
                0x0000000000000318      0x118 ./Drivers/STM32L4xx_HAL_Driver/Src/stm32l4xx_hal_cortex.o
 .debug_aranges
                0x0000000000000430       0x90 ./Drivers/STM32L4xx_HAL_Driver/Src/stm32l4xx_hal_dma.o
 .debug_aranges
                0x00000000000004c0       0x58 ./Drivers/STM32L4xx_HAL_Driver/Src/stm32l4xx_hal_gpio.o
 .debug_aranges
                0x0000000000000518      0x170 ./Drivers/STM32L4xx_HAL_Driver/Src/stm32l4xx_hal_pwr_ex.o
 .debug_aranges
                0x0000000000000688       0x98 ./Drivers/STM32L4xx_HAL_Driver/Src/stm32l4xx_hal_rcc.o
 .debug_aranges
                0x0000000000000720      0x110 ./Drivers/STM32L4xx_HAL_Driver/Src/stm32l4xx_hal_rcc_ex.o
 .debug_aranges
                0x0000000000000830      0x3e0 ./Drivers/STM32L4xx_HAL_Driver/Src/stm32l4xx_hal_tim.o
 .debug_aranges
                0x0000000000000c10      0x180 ./Drivers/STM32L4xx_HAL_Driver/Src/stm32l4xx_hal_tim_ex.o
 .debug_aranges
                0x0000000000000d90      0x248 ./Drivers/STM32L4xx_HAL_Driver/Src/stm32l4xx_hal_uart.o
 .debug_aranges
                0x0000000000000fd8       0xa0 ./Drivers/STM32L4xx_HAL_Driver/Src/stm32l4xx_hal_uart_ex.o

.debug_ranges   0x0000000000000000      0xf70
 .debug_ranges  0x0000000000000000       0x10 ./Core/Src/dma.o
 .debug_ranges  0x0000000000000010       0x10 ./Core/Src/gpio.o
 .debug_ranges  0x0000000000000020       0x30 ./Core/Src/main.o
 .debug_ranges  0x0000000000000050       0x10 ./Core/Src/stm32l4xx_hal_msp.o
 .debug_ranges  0x0000000000000060       0x88 ./Core/Src/stm32l4xx_it.o
 .debug_ranges  0x00000000000000e8       0x18 ./Core/Src/system_stm32l4xx.o
 .debug_ranges  0x0000000000000100       0x20 ./Core/Src/tim.o
 .debug_ranges  0x0000000000000120       0x20 ./Core/Src/usart.o
 .debug_ranges  0x0000000000000140       0x20 ./Core/Startup/startup_stm32l4r5zitx.o
 .debug_ranges  0x0000000000000160      0x120 ./Drivers/STM32L4xx_HAL_Driver/Src/stm32l4xx_hal.o
 .debug_ranges  0x0000000000000280      0x108 ./Drivers/STM32L4xx_HAL_Driver/Src/stm32l4xx_hal_cortex.o
 .debug_ranges  0x0000000000000388       0x80 ./Drivers/STM32L4xx_HAL_Driver/Src/stm32l4xx_hal_dma.o
 .debug_ranges  0x0000000000000408       0x48 ./Drivers/STM32L4xx_HAL_Driver/Src/stm32l4xx_hal_gpio.o
 .debug_ranges  0x0000000000000450      0x160 ./Drivers/STM32L4xx_HAL_Driver/Src/stm32l4xx_hal_pwr_ex.o
 .debug_ranges  0x00000000000005b0       0x88 ./Drivers/STM32L4xx_HAL_Driver/Src/stm32l4xx_hal_rcc.o
 .debug_ranges  0x0000000000000638      0x100 ./Drivers/STM32L4xx_HAL_Driver/Src/stm32l4xx_hal_rcc_ex.o
 .debug_ranges  0x0000000000000738      0x3d0 ./Drivers/STM32L4xx_HAL_Driver/Src/stm32l4xx_hal_tim.o
 .debug_ranges  0x0000000000000b08      0x170 ./Drivers/STM32L4xx_HAL_Driver/Src/stm32l4xx_hal_tim_ex.o
 .debug_ranges  0x0000000000000c78      0x268 ./Drivers/STM32L4xx_HAL_Driver/Src/stm32l4xx_hal_uart.o
 .debug_ranges  0x0000000000000ee0       0x90 ./Drivers/STM32L4xx_HAL_Driver/Src/stm32l4xx_hal_uart_ex.o

.debug_macro    0x0000000000000000    0x2b2bd
 .debug_macro   0x0000000000000000      0x2ce ./Core/Src/dma.o
 .debug_macro   0x00000000000002ce      0xa78 ./Core/Src/dma.o
 .debug_macro   0x0000000000000d46      0x1ad ./Core/Src/dma.o
 .debug_macro   0x0000000000000ef3       0x2e ./Core/Src/dma.o
 .debug_macro   0x0000000000000f21       0x28 ./Core/Src/dma.o
 .debug_macro   0x0000000000000f49       0x22 ./Core/Src/dma.o
 .debug_macro   0x0000000000000f6b       0x8e ./Core/Src/dma.o
 .debug_macro   0x0000000000000ff9       0x51 ./Core/Src/dma.o
 .debug_macro   0x000000000000104a      0x103 ./Core/Src/dma.o
 .debug_macro   0x000000000000114d       0x6a ./Core/Src/dma.o
 .debug_macro   0x00000000000011b7      0x1df ./Core/Src/dma.o
 .debug_macro   0x0000000000001396       0x1c ./Core/Src/dma.o
 .debug_macro   0x00000000000013b2       0x22 ./Core/Src/dma.o
 .debug_macro   0x00000000000013d4       0xfb ./Core/Src/dma.o
 .debug_macro   0x00000000000014cf     0x1011 ./Core/Src/dma.o
 .debug_macro   0x00000000000024e0      0x11f ./Core/Src/dma.o
 .debug_macro   0x00000000000025ff    0x1cb71 ./Core/Src/dma.o
 .debug_macro   0x000000000001f170       0x6d ./Core/Src/dma.o
 .debug_macro   0x000000000001f1dd     0x38ed ./Core/Src/dma.o
 .debug_macro   0x0000000000022aca      0x174 ./Core/Src/dma.o
 .debug_macro   0x0000000000022c3e       0x5c ./Core/Src/dma.o
 .debug_macro   0x0000000000022c9a     0x1884 ./Core/Src/dma.o
 .debug_macro   0x000000000002451e      0x7dc ./Core/Src/dma.o
 .debug_macro   0x0000000000024cfa      0x1b9 ./Core/Src/dma.o
 .debug_macro   0x0000000000024eb3      0x225 ./Core/Src/dma.o
 .debug_macro   0x00000000000250d8      0x486 ./Core/Src/dma.o
 .debug_macro   0x000000000002555e      0x1ce ./Core/Src/dma.o
 .debug_macro   0x000000000002572c       0x43 ./Core/Src/dma.o
 .debug_macro   0x000000000002576f      0x23d ./Core/Src/dma.o
 .debug_macro   0x00000000000259ac      0x241 ./Core/Src/dma.o
 .debug_macro   0x0000000000025bed      0x416 ./Core/Src/dma.o
 .debug_macro   0x0000000000026003       0x1c ./Core/Src/dma.o
 .debug_macro   0x000000000002601f       0xf2 ./Core/Src/dma.o
 .debug_macro   0x0000000000026111      0x22c ./Core/Src/dma.o
 .debug_macro   0x000000000002633d       0x61 ./Core/Src/dma.o
 .debug_macro   0x000000000002639e       0xa5 ./Core/Src/dma.o
 .debug_macro   0x0000000000026443      0x122 ./Core/Src/dma.o
 .debug_macro   0x0000000000026565      0x3f6 ./Core/Src/dma.o
 .debug_macro   0x000000000002695b      0xa91 ./Core/Src/dma.o
 .debug_macro   0x00000000000273ec      0x196 ./Core/Src/dma.o
 .debug_macro   0x0000000000027582      0x67e ./Core/Src/dma.o
 .debug_macro   0x0000000000027c00       0xa6 ./Core/Src/dma.o
 .debug_macro   0x0000000000027ca6      0x432 ./Core/Src/dma.o
 .debug_macro   0x00000000000280d8       0x52 ./Core/Src/dma.o
 .debug_macro   0x000000000002812a       0x1e ./Core/Src/dma.o
 .debug_macro   0x0000000000028148       0x3c ./Core/Src/dma.o
 .debug_macro   0x0000000000028184       0x34 ./Core/Src/dma.o
 .debug_macro   0x00000000000281b8       0x16 ./Core/Src/dma.o
 .debug_macro   0x00000000000281ce       0x43 ./Core/Src/dma.o
 .debug_macro   0x0000000000028211       0x34 ./Core/Src/dma.o
 .debug_macro   0x0000000000028245       0x10 ./Core/Src/dma.o
 .debug_macro   0x0000000000028255       0x58 ./Core/Src/dma.o
 .debug_macro   0x00000000000282ad       0x71 ./Core/Src/dma.o
 .debug_macro   0x000000000002831e       0x1c ./Core/Src/dma.o
 .debug_macro   0x000000000002833a      0x12a ./Core/Src/dma.o
 .debug_macro   0x0000000000028464      0x341 ./Core/Src/dma.o
 .debug_macro   0x00000000000287a5       0x10 ./Core/Src/dma.o
 .debug_macro   0x00000000000287b5       0x35 ./Core/Src/dma.o
 .debug_macro   0x00000000000287ea       0x20 ./Core/Src/dma.o
 .debug_macro   0x000000000002880a       0x16 ./Core/Src/dma.o
 .debug_macro   0x0000000000028820      0x2ce ./Core/Src/gpio.o
 .debug_macro   0x0000000000028aee      0x303 ./Core/Src/main.o
 .debug_macro   0x0000000000028df1      0x19b ./Core/Src/main.o
 .debug_macro   0x0000000000028f8c      0x2c4 ./Core/Src/stm32l4xx_hal_msp.o
 .debug_macro   0x0000000000029250      0x2ce ./Core/Src/stm32l4xx_it.o
 .debug_macro   0x000000000002951e      0x1e7 ./Core/Src/system_stm32l4xx.o
 .debug_macro   0x0000000000029705      0x2ce ./Core/Src/tim.o
 .debug_macro   0x00000000000299d3      0x2ce ./Core/Src/usart.o
 .debug_macro   0x0000000000029ca1      0x235 ./Drivers/STM32L4xx_HAL_Driver/Src/stm32l4xx_hal.o
 .debug_macro   0x0000000000029ed6      0x1e7 ./Drivers/STM32L4xx_HAL_Driver/Src/stm32l4xx_hal_cortex.o
 .debug_macro   0x000000000002a0bd      0x1e7 ./Drivers/STM32L4xx_HAL_Driver/Src/stm32l4xx_hal_dma.o
 .debug_macro   0x000000000002a2a4      0x1ee ./Drivers/STM32L4xx_HAL_Driver/Src/stm32l4xx_hal_gpio.o
 .debug_macro   0x000000000002a492      0x211 ./Drivers/STM32L4xx_HAL_Driver/Src/stm32l4xx_hal_pwr_ex.o
 .debug_macro   0x000000000002a6a3      0x229 ./Drivers/STM32L4xx_HAL_Driver/Src/stm32l4xx_hal_rcc.o
 .debug_macro   0x000000000002a8cc      0x21d ./Drivers/STM32L4xx_HAL_Driver/Src/stm32l4xx_hal_rcc_ex.o
 .debug_macro   0x000000000002aae9      0x1e8 ./Drivers/STM32L4xx_HAL_Driver/Src/stm32l4xx_hal_tim.o
 .debug_macro   0x000000000002acd1      0x1e7 ./Drivers/STM32L4xx_HAL_Driver/Src/stm32l4xx_hal_tim_ex.o
 .debug_macro   0x000000000002aeb8      0x212 ./Drivers/STM32L4xx_HAL_Driver/Src/stm32l4xx_hal_uart.o
 .debug_macro   0x000000000002b0ca      0x1f3 ./Drivers/STM32L4xx_HAL_Driver/Src/stm32l4xx_hal_uart_ex.o

.debug_line     0x0000000000000000    0x15326
 .debug_line    0x0000000000000000      0x87a ./Core/Src/dma.o
 .debug_line    0x000000000000087a      0x88d ./Core/Src/gpio.o
 .debug_line    0x0000000000001107      0x9eb ./Core/Src/main.o
 .debug_line    0x0000000000001af2      0x87f ./Core/Src/stm32l4xx_hal_msp.o
 .debug_line    0x0000000000002371      0x9fa ./Core/Src/stm32l4xx_it.o
 .debug_line    0x0000000000002d6b      0x7b3 ./Core/Src/system_stm32l4xx.o
 .debug_line    0x000000000000351e      0x8f8 ./Core/Src/tim.o
 .debug_line    0x0000000000003e16      0x945 ./Core/Src/usart.o
 .debug_line    0x000000000000475b       0x88 ./Core/Startup/startup_stm32l4r5zitx.o
 .debug_line    0x00000000000047e3      0xb0b ./Drivers/STM32L4xx_HAL_Driver/Src/stm32l4xx_hal.o
 .debug_line    0x00000000000052ee      0xcb2 ./Drivers/STM32L4xx_HAL_Driver/Src/stm32l4xx_hal_cortex.o
 .debug_line    0x0000000000005fa0      0xe67 ./Drivers/STM32L4xx_HAL_Driver/Src/stm32l4xx_hal_dma.o
 .debug_line    0x0000000000006e07      0xb67 ./Drivers/STM32L4xx_HAL_Driver/Src/stm32l4xx_hal_gpio.o
 .debug_line    0x000000000000796e      0xd78 ./Drivers/STM32L4xx_HAL_Driver/Src/stm32l4xx_hal_pwr_ex.o
 .debug_line    0x00000000000086e6     0x105f ./Drivers/STM32L4xx_HAL_Driver/Src/stm32l4xx_hal_rcc.o
 .debug_line    0x0000000000009745     0x1933 ./Drivers/STM32L4xx_HAL_Driver/Src/stm32l4xx_hal_rcc_ex.o
 .debug_line    0x000000000000b078     0x3d78 ./Drivers/STM32L4xx_HAL_Driver/Src/stm32l4xx_hal_tim.o
 .debug_line    0x000000000000edf0     0x1c11 ./Drivers/STM32L4xx_HAL_Driver/Src/stm32l4xx_hal_tim_ex.o
 .debug_line    0x0000000000010a01     0x3b7e ./Drivers/STM32L4xx_HAL_Driver/Src/stm32l4xx_hal_uart.o
 .debug_line    0x000000000001457f      0xda7 ./Drivers/STM32L4xx_HAL_Driver/Src/stm32l4xx_hal_uart_ex.o

.debug_str      0x0000000000000000   0x10935a
 .debug_str     0x0000000000000000   0x103ced ./Core/Src/dma.o
                                     0x10405b (size before relaxing)
 .debug_str     0x0000000000103ced       0xe9 ./Core/Src/gpio.o
                                     0x103bdf (size before relaxing)
 .debug_str     0x0000000000103dd6     0x1270 ./Core/Src/main.o
                                     0x104d8e (size before relaxing)
 .debug_str     0x0000000000105046       0x2c ./Core/Src/stm32l4xx_hal_msp.o
                                     0x10405e (size before relaxing)
 .debug_str     0x0000000000105072      0x1aa ./Core/Src/stm32l4xx_it.o
                                     0x10444d (size before relaxing)
 .debug_str     0x000000000010521c       0xf2 ./Core/Src/system_stm32l4xx.o
                                     0x100d76 (size before relaxing)
 .debug_str     0x000000000010530e      0x156 ./Core/Src/tim.o
                                     0x104800 (size before relaxing)
 .debug_str     0x0000000000105464      0x37c ./Core/Src/usart.o
                                     0x104a32 (size before relaxing)
 .debug_str     0x00000000001057e0       0x36 ./Core/Startup/startup_stm32l4r5zitx.o
                                         0x57 (size before relaxing)
 .debug_str     0x0000000000105816      0x650 ./Drivers/STM32L4xx_HAL_Driver/Src/stm32l4xx_hal.o
                                     0x101946 (size before relaxing)
 .debug_str     0x0000000000105e66      0x31d ./Drivers/STM32L4xx_HAL_Driver/Src/stm32l4xx_hal_cortex.o
                                     0x1015d5 (size before relaxing)
 .debug_str     0x0000000000106183      0x27a ./Drivers/STM32L4xx_HAL_Driver/Src/stm32l4xx_hal_dma.o
                                     0x1010fe (size before relaxing)
 .debug_str     0x00000000001063fd      0x110 ./Drivers/STM32L4xx_HAL_Driver/Src/stm32l4xx_hal_gpio.o
                                     0x100ef0 (size before relaxing)
 .debug_str     0x000000000010650d      0x57a ./Drivers/STM32L4xx_HAL_Driver/Src/stm32l4xx_hal_pwr_ex.o
                                     0x101349 (size before relaxing)
 .debug_str     0x0000000000106a87      0x3d2 ./Drivers/STM32L4xx_HAL_Driver/Src/stm32l4xx_hal_rcc.o
                                     0x1013e9 (size before relaxing)
 .debug_str     0x0000000000106e59      0x5c5 ./Drivers/STM32L4xx_HAL_Driver/Src/stm32l4xx_hal_rcc_ex.o
                                     0x1017aa (size before relaxing)
 .debug_str     0x000000000010741e      0xdd8 ./Drivers/STM32L4xx_HAL_Driver/Src/stm32l4xx_hal_tim.o
                                     0x102182 (size before relaxing)
 .debug_str     0x00000000001081f6      0x588 ./Drivers/STM32L4xx_HAL_Driver/Src/stm32l4xx_hal_tim_ex.o
                                     0x101aa6 (size before relaxing)
 .debug_str     0x000000000010877e      0x992 ./Drivers/STM32L4xx_HAL_Driver/Src/stm32l4xx_hal_uart.o
                                     0x101cf2 (size before relaxing)
 .debug_str     0x0000000000109110      0x24a ./Drivers/STM32L4xx_HAL_Driver/Src/stm32l4xx_hal_uart_ex.o
                                     0x1014e8 (size before relaxing)

.comment        0x0000000000000000       0x50
 .comment       0x0000000000000000       0x50 ./Core/Src/dma.o
                                         0x51 (size before relaxing)
 .comment       0x0000000000000050       0x51 ./Core/Src/gpio.o
 .comment       0x0000000000000050       0x51 ./Core/Src/main.o
 .comment       0x0000000000000050       0x51 ./Core/Src/stm32l4xx_hal_msp.o
 .comment       0x0000000000000050       0x51 ./Core/Src/stm32l4xx_it.o
 .comment       0x0000000000000050       0x51 ./Core/Src/system_stm32l4xx.o
 .comment       0x0000000000000050       0x51 ./Core/Src/tim.o
 .comment       0x0000000000000050       0x51 ./Core/Src/usart.o
 .comment       0x0000000000000050       0x51 ./Drivers/STM32L4xx_HAL_Driver/Src/stm32l4xx_hal.o
 .comment       0x0000000000000050       0x51 ./Drivers/STM32L4xx_HAL_Driver/Src/stm32l4xx_hal_cortex.o
 .comment       0x0000000000000050       0x51 ./Drivers/STM32L4xx_HAL_Driver/Src/stm32l4xx_hal_dma.o
 .comment       0x0000000000000050       0x51 ./Drivers/STM32L4xx_HAL_Driver/Src/stm32l4xx_hal_gpio.o
 .comment       0x0000000000000050       0x51 ./Drivers/STM32L4xx_HAL_Driver/Src/stm32l4xx_hal_pwr_ex.o
 .comment       0x0000000000000050       0x51 ./Drivers/STM32L4xx_HAL_Driver/Src/stm32l4xx_hal_rcc.o
 .comment       0x0000000000000050       0x51 ./Drivers/STM32L4xx_HAL_Driver/Src/stm32l4xx_hal_rcc_ex.o
 .comment       0x0000000000000050       0x51 ./Drivers/STM32L4xx_HAL_Driver/Src/stm32l4xx_hal_tim.o
 .comment       0x0000000000000050       0x51 ./Drivers/STM32L4xx_HAL_Driver/Src/stm32l4xx_hal_tim_ex.o
 .comment       0x0000000000000050       0x51 ./Drivers/STM32L4xx_HAL_Driver/Src/stm32l4xx_hal_uart.o
 .comment       0x0000000000000050       0x51 ./Drivers/STM32L4xx_HAL_Driver/Src/stm32l4xx_hal_uart_ex.o

.debug_frame    0x0000000000000000     0x4498
 .debug_frame   0x0000000000000000       0x34 ./Core/Src/dma.o
 .debug_frame   0x0000000000000034       0x34 ./Core/Src/gpio.o
 .debug_frame   0x0000000000000068       0xb8 ./Core/Src/main.o
 .debug_frame   0x0000000000000120       0x34 ./Core/Src/stm32l4xx_hal_msp.o
 .debug_frame   0x0000000000000154      0x1cc ./Core/Src/stm32l4xx_it.o
 .debug_frame   0x0000000000000320       0x58 ./Core/Src/system_stm32l4xx.o
 .debug_frame   0x0000000000000378       0x7c ./Core/Src/tim.o
 .debug_frame   0x00000000000003f4       0x78 ./Core/Src/usart.o
 .debug_frame   0x000000000000046c      0x498 ./Drivers/STM32L4xx_HAL_Driver/Src/stm32l4xx_hal.o
 .debug_frame   0x0000000000000904      0x498 ./Drivers/STM32L4xx_HAL_Driver/Src/stm32l4xx_hal_cortex.o
 .debug_frame   0x0000000000000d9c      0x24c ./Drivers/STM32L4xx_HAL_Driver/Src/stm32l4xx_hal_dma.o
 .debug_frame   0x0000000000000fe8      0x14c ./Drivers/STM32L4xx_HAL_Driver/Src/stm32l4xx_hal_gpio.o
 .debug_frame   0x0000000000001134      0x5c4 ./Drivers/STM32L4xx_HAL_Driver/Src/stm32l4xx_hal_pwr_ex.o
 .debug_frame   0x00000000000016f8      0x248 ./Drivers/STM32L4xx_HAL_Driver/Src/stm32l4xx_hal_rcc.o
 .debug_frame   0x0000000000001940      0x464 ./Drivers/STM32L4xx_HAL_Driver/Src/stm32l4xx_hal_rcc_ex.o
 .debug_frame   0x0000000000001da4     0x121c ./Drivers/STM32L4xx_HAL_Driver/Src/stm32l4xx_hal_tim.o
 .debug_frame   0x0000000000002fc0      0x6b0 ./Drivers/STM32L4xx_HAL_Driver/Src/stm32l4xx_hal_tim_ex.o
 .debug_frame   0x0000000000003670      0xa94 ./Drivers/STM32L4xx_HAL_Driver/Src/stm32l4xx_hal_uart.o
 .debug_frame   0x0000000000004104      0x29c ./Drivers/STM32L4xx_HAL_Driver/Src/stm32l4xx_hal_uart_ex.o
 .debug_frame   0x00000000000043a0       0x2c d:/cubeide/stm32cubeide_1.10.1/stm32cubeide/plugins/com.st.stm32cube.ide.mcu.externaltools.gnu-tools-for-stm32.10.3-2021.10.win32_1.0.0.202111181127/tools/bin/../lib/gcc/arm-none-eabi/10.3.1/../../../../arm-none-eabi/lib/thumb/v7e-m+fp/hard\libc_nano.a(lib_a-init.o)
 .debug_frame   0x00000000000043cc       0x20 d:/cubeide/stm32cubeide_1.10.1/stm32cubeide/plugins/com.st.stm32cube.ide.mcu.externaltools.gnu-tools-for-stm32.10.3-2021.10.win32_1.0.0.202111181127/tools/bin/../lib/gcc/arm-none-eabi/10.3.1/../../../../arm-none-eabi/lib/thumb/v7e-m+fp/hard\libc_nano.a(lib_a-memset.o)
 .debug_frame   0x00000000000043ec       0x2c d:/cubeide/stm32cubeide_1.10.1/stm32cubeide/plugins/com.st.stm32cube.ide.mcu.externaltools.gnu-tools-for-stm32.10.3-2021.10.win32_1.0.0.202111181127/tools/bin/../lib/gcc/arm-none-eabi/10.3.1/../../../../arm-none-eabi/lib/thumb/v7e-m+fp/hard\libm.a(lib_a-sf_atan.o)
 .debug_frame   0x0000000000004418       0x20 d:/cubeide/stm32cubeide_1.10.1/stm32cubeide/plugins/com.st.stm32cube.ide.mcu.externaltools.gnu-tools-for-stm32.10.3-2021.10.win32_1.0.0.202111181127/tools/bin/../lib/gcc/arm-none-eabi/10.3.1/../../../../arm-none-eabi/lib/thumb/v7e-m+fp/hard\libm.a(lib_a-sf_fabs.o)
 .debug_frame   0x0000000000004438       0x2c d:/cubeide/stm32cubeide_1.10.1/stm32cubeide/plugins/com.st.stm32cube.ide.mcu.externaltools.gnu-tools-for-stm32.10.3-2021.10.win32_1.0.0.202111181127/tools/bin/../lib/gcc/arm-none-eabi/10.3.1/thumb/v7e-m+fp/hard\libgcc.a(_aeabi_uldivmod.o)
 .debug_frame   0x0000000000004464       0x34 d:/cubeide/stm32cubeide_1.10.1/stm32cubeide/plugins/com.st.stm32cube.ide.mcu.externaltools.gnu-tools-for-stm32.10.3-2021.10.win32_1.0.0.202111181127/tools/bin/../lib/gcc/arm-none-eabi/10.3.1/thumb/v7e-m+fp/hard\libgcc.a(_udivmoddi4.o)
